###############################################################################
#
# IAR ELF Linker V8.40.2.214/W32 for ARM                  04/Mar/2026  13:14:28
# Copyright 2007-2019 IAR Systems AB.
#
#    Output file  =  E:\S32K144\Debug\Exe\S32K144.out
#    Map file     =  E:\S32K144\Debug\List\S32K144.map
#    Command line =
#        -f C:\Users\Zhaoz\AppData\Local\Temp\EW3CEC.tmp
#        (E:\S32K144\Debug\Obj\BswM.o E:\S32K144\Debug\Obj\BswM_Callout_Stubs.o
#        E:\S32K144\Debug\Obj\BswM_Lcfg.o E:\S32K144\Debug\Obj\BswM_PBcfg.o
#        E:\S32K144\Debug\Obj\Det.o E:\S32K144\Debug\Obj\Det_Cfg.o
#        E:\S32K144\Debug\Obj\Dio.o E:\S32K144\Debug\Obj\Dio_Cfg.o
#        E:\S32K144\Debug\Obj\Dio_Gpio.o E:\S32K144\Debug\Obj\EcuM.o
#        E:\S32K144\Debug\Obj\EcuM_Callout_Stubs.o
#        E:\S32K144\Debug\Obj\EcuM_Cfg.o E:\S32K144\Debug\Obj\EcuM_Init_Cfg.o
#        E:\S32K144\Debug\Obj\EcuM_Init_PBcfg.o
#        E:\S32K144\Debug\Obj\EcuM_PBcfg.o E:\S32K144\Debug\Obj\main.o
#        E:\S32K144\Debug\Obj\Mcu.o E:\S32K144\Debug\Obj\Mcu_Cfg.o
#        E:\S32K144\Debug\Obj\Mcu_CMU.o E:\S32K144\Debug\Obj\Mcu_CMU_Irq.o
#        E:\S32K144\Debug\Obj\Mcu_CortexM4.o E:\S32K144\Debug\Obj\Mcu_IPW.o
#        E:\S32K144\Debug\Obj\Mcu_IPW_Irq.o E:\S32K144\Debug\Obj\Mcu_PBcfg.o
#        E:\S32K144\Debug\Obj\Mcu_PCC.o E:\S32K144\Debug\Obj\Mcu_PMC.o
#        E:\S32K144\Debug\Obj\Mcu_PMC_Irq.o E:\S32K144\Debug\Obj\Mcu_RCM.o
#        E:\S32K144\Debug\Obj\Mcu_SCG.o E:\S32K144\Debug\Obj\Mcu_SIM.o
#        E:\S32K144\Debug\Obj\Mcu_SMC.o E:\S32K144\Debug\Obj\Os_AccessCheck.o
#        E:\S32K144\Debug\Obj\Os_AccessCheck_Lcfg.o
#        E:\S32K144\Debug\Obj\Os_Alarm.o E:\S32K144\Debug\Obj\Os_Alarm_Lcfg.o
#        E:\S32K144\Debug\Obj\Os_Application.o
#        E:\S32K144\Debug\Obj\Os_Application_Lcfg.o
#        E:\S32K144\Debug\Obj\Os_Barrier.o
#        E:\S32K144\Debug\Obj\Os_Barrier_Lcfg.o E:\S32K144\Debug\Obj\Os_Bit.o
#        E:\S32K144\Debug\Obj\Os_BitArray.o
#        E:\S32K144\Debug\Obj\Os_Callout_Stubs.o E:\S32K144\Debug\Obj\Os_Core.o
#        E:\S32K144\Debug\Obj\Os_Core_Lcfg.o E:\S32K144\Debug\Obj\Os_Counter.o
#        E:\S32K144\Debug\Obj\Os_Counter_Lcfg.o E:\S32K144\Debug\Obj\Os_Deque.o
#        E:\S32K144\Debug\Obj\Os_Error.o E:\S32K144\Debug\Obj\Os_Error_Lcfg.o
#        E:\S32K144\Debug\Obj\Os_Event.o E:\S32K144\Debug\Obj\Os_Fifo.o
#        E:\S32K144\Debug\Obj\Os_Fifo08.o E:\S32K144\Debug\Obj\Os_Fifo16.o
#        E:\S32K144\Debug\Obj\Os_Fifo32.o E:\S32K144\Debug\Obj\Os_FifoRef.o
#        E:\S32K144\Debug\Obj\Os_Hal_Compiler_Arm.o
#        E:\S32K144\Debug\Obj\Os_Hal_Compiler_Iar.o
#        E:\S32K144\Debug\Obj\Os_Hal_Compiler_TiInt.o
#        E:\S32K144\Debug\Obj\Os_Hal_Context_Lcfg.o
#        E:\S32K144\Debug\Obj\Os_Hal_Context_v7m.o
#        E:\S32K144\Debug\Obj\Os_Hal_ContextAsm.o
#        E:\S32K144\Debug\Obj\Os_Hal_Core.o
#        E:\S32K144\Debug\Obj\Os_Hal_Core_Lcfg.o
#        E:\S32K144\Debug\Obj\Os_Hal_Entry.o
#        E:\S32K144\Debug\Obj\Os_Hal_Entry_Lcfg.o
#        E:\S32K144\Debug\Obj\Os_Hal_EntryAsm_Lcfg.o
#        E:\S32K144\Debug\Obj\Os_Hal_Interrupt_Lcfg.o
#        E:\S32K144\Debug\Obj\Os_Hal_Kernel_Lcfg.o
#        E:\S32K144\Debug\Obj\Os_Hal_MemoryProtection_Lcfg.o
#        E:\S32K144\Debug\Obj\Os_Hal_Timer_Lcfg.o
#        E:\S32K144\Debug\Obj\Os_Hook.o E:\S32K144\Debug\Obj\Os_Hook_Lcfg.o
#        E:\S32K144\Debug\Obj\Os_Interrupt.o E:\S32K144\Debug\Obj\Os_Ioc.o
#        E:\S32K144\Debug\Obj\Os_Ioc_Lcfg.o E:\S32K144\Debug\Obj\Os_Isr.o
#        E:\S32K144\Debug\Obj\Os_Isr_Lcfg.o E:\S32K144\Debug\Obj\Os_Job.o
#        E:\S32K144\Debug\Obj\Os_Lock.o
#        E:\S32K144\Debug\Obj\Os_MemoryProtection.o
#        E:\S32K144\Debug\Obj\Os_MemoryProtection_Lcfg.o
#        E:\S32K144\Debug\Obj\Os_Peripheral.o
#        E:\S32K144\Debug\Obj\Os_Peripheral_Lcfg.o
#        E:\S32K144\Debug\Obj\Os_PriorityQueue.o
#        E:\S32K144\Debug\Obj\Os_Resource.o
#        E:\S32K144\Debug\Obj\Os_Resource_Lcfg.o
#        E:\S32K144\Debug\Obj\Os_Scheduler.o
#        E:\S32K144\Debug\Obj\Os_Scheduler_Lcfg.o
#        E:\S32K144\Debug\Obj\Os_ScheduleTable.o
#        E:\S32K144\Debug\Obj\Os_ScheduleTable_Lcfg.o
#        E:\S32K144\Debug\Obj\Os_ServiceFunction.o
#        E:\S32K144\Debug\Obj\Os_ServiceFunction_Lcfg.o
#        E:\S32K144\Debug\Obj\Os_Spinlock.o
#        E:\S32K144\Debug\Obj\Os_Spinlock_Lcfg.o
#        E:\S32K144\Debug\Obj\Os_Stack.o E:\S32K144\Debug\Obj\Os_Stack_Lcfg.o
#        E:\S32K144\Debug\Obj\Os_Task.o E:\S32K144\Debug\Obj\Os_Task_Lcfg.o
#        E:\S32K144\Debug\Obj\Os_Thread.o E:\S32K144\Debug\Obj\Os_Timer.o
#        E:\S32K144\Debug\Obj\Os_TimingProtection.o
#        E:\S32K144\Debug\Obj\Os_TimingProtection_Lcfg.o
#        E:\S32K144\Debug\Obj\Os_Trace.o E:\S32K144\Debug\Obj\Os_Trace_Lcfg.o
#        E:\S32K144\Debug\Obj\Os_Trap.o E:\S32K144\Debug\Obj\Os_XSignal.o
#        E:\S32K144\Debug\Obj\Os_XSignal_Lcfg.o E:\S32K144\Debug\Obj\Port.o
#        E:\S32K144\Debug\Obj\Port_Cfg.o E:\S32K144\Debug\Obj\Port_Ipw.o
#        E:\S32K144\Debug\Obj\Port_PBcfg.o E:\S32K144\Debug\Obj\Port_Port_Ci.o
#        E:\S32K144\Debug\Obj\Rte.o E:\S32K144\Debug\Obj\startup.o
#        E:\S32K144\Debug\Obj\startup_S32K148.o
#        E:\S32K144\Debug\Obj\system_S32K148.o E:\S32K144\Debug\Obj\vstdlib.o
#        --no_out_extension -o E:\S32K144\Debug\Exe\S32K144.out --redirect
#        _Printf=_PrintfFullNoMb --redirect _Scanf=_ScanfFullNoMb --map
#        E:\S32K144\Debug\List\S32K144.map --config
#        E:\S32K144_Start_new_IAR\Appl\S32K148Asr.icf --semihosting --entry
#        __iar_program_start --vfe --utf8_text_in --text_out utf8)
#
###############################################################################

*******************************************************************************
*** RUNTIME MODEL ATTRIBUTES
***

CppFlavor       = *
__SystemLibrary = DLib
__dlib_version  = 6


*******************************************************************************
*** HEAP SELECTION
***

The basic heap was selected because no calls to memory allocation
functions were found in the application outside of system library
functions, and there are calls to deallocation functions in the
application.


*******************************************************************************
*** PLACEMENT SUMMARY
***

"P1":  place in [from 0x400 to 0x40f] { section FlashConfig };
define block OS_EXCVEC_CORE0_CODE_BLOCK
   with alignment = 8 { section .OS_EXCVEC_CORE0_CODE };
define block OS_EXCVEC_CORE0_CODE
   with fixed order {
      section OS_EXCVEC_CORE0_CODE_START_SEC, block OS_EXCVEC_CORE0_CODE_BLOCK,
      section OS_EXCVEC_CORE0_CODE_LIMIT_SEC };
"PROGRAM_FLASH__OS_EXCVEC_CORE0_CODE":
       place in [from 0x500 to 0x8'0000] { block OS_EXCVEC_CORE0_CODE };
define block OS_EXCVEC_CORE0_CONST_BLOCK
   with alignment = 8 { section .OS_EXCVEC_CORE0_CONST };
define block OS_EXCVEC_CORE0_CONST_FAST_BLOCK
   with alignment = 8 { section .OS_EXCVEC_CORE0_CONST_FAST };
define block OS_EXCVEC_CORE0_CONST
   with fixed order {
      section OS_EXCVEC_CORE0_CONST_START_SEC,
      block OS_EXCVEC_CORE0_CONST_BLOCK,
      block OS_EXCVEC_CORE0_CONST_FAST_BLOCK,
      section OS_EXCVEC_CORE0_CONST_LIMIT_SEC };
"VECTORS__OS_EXCVEC_CORE0_CONST":
       place in [from 0x0 to 0x3ff] { block OS_EXCVEC_CORE0_CONST };
define block OS_INTVEC_CODE_BLOCK
   with alignment = 128 { section .OS_INTVEC_CODE };
define block OS_INTVEC_CODE
   with fixed order, alignment = 128 {
      section OS_INTVEC_CODE_START_SEC, block OS_INTVEC_CODE_BLOCK,
      section OS_INTVEC_CODE_LIMIT_SEC };
"PROGRAM_FLASH__OS_INTVEC_CODE":
       place in [from 0x500 to 0x8'0000] { block OS_INTVEC_CODE };
define block OS_INTVEC_CORE0_CODE_BLOCK
   with alignment = 128 { section .OS_INTVEC_CORE0_CODE };
define block OS_INTVEC_CORE0_CODE
   with fixed order, alignment = 128 {
      section OS_INTVEC_CORE0_CODE_START_SEC, block OS_INTVEC_CORE0_CODE_BLOCK,
      section OS_INTVEC_CORE0_CODE_LIMIT_SEC };
"PROGRAM_FLASH__OS_INTVEC_CORE0_CODE":
       place in [from 0x500 to 0x8'0000] { block OS_INTVEC_CORE0_CODE };
define block OS_INTVEC_CORE0_CONST_BLOCK
   with alignment = 128 { section .OS_INTVEC_CORE0_CONST };
define block OS_INTVEC_CORE0_CONST_FAST_BLOCK
   with alignment = 128 { section .OS_INTVEC_CORE0_CONST_FAST };
define block OS_INTVEC_CORE0_CONST
   with fixed order, alignment = 128 {
      section OS_INTVEC_CORE0_CONST_START_SEC,
      block OS_INTVEC_CORE0_CONST_BLOCK,
      block OS_INTVEC_CORE0_CONST_FAST_BLOCK,
      section OS_INTVEC_CORE0_CONST_LIMIT_SEC };
"VECTORS__OS_INTVEC_CORE0_CONST":
       place in [from 0x0 to 0x3ff] { block OS_INTVEC_CORE0_CONST };
define block OS_STACK_DEFAULT_APPL_TASK_VAR_NOINIT_BLOCK
   with alignment = 32 { section .OS_STACK_DEFAULT_APPL_TASK_VAR_NOINIT };
define block OS_STACK_DEFAULT_BSW_ASYNC_TASK_VAR_NOINIT_BLOCK
   with alignment = 32 { section .OS_STACK_DEFAULT_BSW_ASYNC_TASK_VAR_NOINIT };
define block OS_STACK_OSCORE0_ERROR_VAR_NOINIT_BLOCK
   with alignment = 32 { section .OS_STACK_OSCORE0_ERROR_VAR_NOINIT };
define block OS_STACK_OSCORE0_INIT_VAR_NOINIT_BLOCK
   with alignment = 32 { section .OS_STACK_OSCORE0_INIT_VAR_NOINIT };
define block OS_STACK_OSCORE0_ISR_CORE_VAR_NOINIT_BLOCK
   with alignment = 32 { section .OS_STACK_OSCORE0_ISR_CORE_VAR_NOINIT };
define block OS_STACK_OSCORE0_KERNEL_VAR_NOINIT_BLOCK
   with alignment = 32 { section .OS_STACK_OSCORE0_KERNEL_VAR_NOINIT };
define block OS_STACK_OSCORE0_PROTECTION_VAR_NOINIT_BLOCK
   with alignment = 32 { section .OS_STACK_OSCORE0_PROTECTION_VAR_NOINIT };
define block OS_STACK_OSCORE0_TASK_PRIO10_VAR_NOINIT_BLOCK
   with alignment = 32 { section .OS_STACK_OSCORE0_TASK_PRIO10_VAR_NOINIT };
define block OS_STACK_OSCORE0_TASK_PRIO30_VAR_NOINIT_BLOCK
   with alignment = 32 { section .OS_STACK_OSCORE0_TASK_PRIO30_VAR_NOINIT };
define block OS_STACK_OSCORE0_TASK_PRIO40_VAR_NOINIT_BLOCK
   with alignment = 32 { section .OS_STACK_OSCORE0_TASK_PRIO40_VAR_NOINIT };
define block OS_STACK_OSCORE0_TASK_PRIO4294967295_VAR_NOINIT_BLOCK
   with alignment = 32 {
      section .OS_STACK_OSCORE0_TASK_PRIO4294967295_VAR_NOINIT };
define block OS_STACK_OSCORE0_TASK_PRIO45_VAR_NOINIT_BLOCK
   with alignment = 32 { section .OS_STACK_OSCORE0_TASK_PRIO45_VAR_NOINIT };
define block OS_STACK_OSCORE0_TASK_PRIO5_VAR_NOINIT_BLOCK
   with alignment = 32 { section .OS_STACK_OSCORE0_TASK_PRIO5_VAR_NOINIT };
define block OS_STACK_OSCORE0_TASK_PRIO50_VAR_NOINIT_BLOCK
   with alignment = 32 { section .OS_STACK_OSCORE0_TASK_PRIO50_VAR_NOINIT };
define block OS_STACK_OSCORE0_TASK_PRIO100_VAR_NOINIT_BLOCK
   with alignment = 32 { section .OS_STACK_OSCORE0_TASK_PRIO100_VAR_NOINIT };
define block OS_STACK_OSTASK_APP_VAR_NOINIT_BLOCK
   with alignment = 8 { section .OS_STACK_OSTASK_APP_VAR_NOINIT };
define block OS_STACK_OSTASK_BSW_SCHM_VAR_NOINIT_BLOCK
   with alignment = 8 { section .OS_STACK_OSTASK_BSW_SCHM_VAR_NOINIT };
define block OS_STACKS_CORE0_NOINIT
   with fixed order, alignment = 4 {
      section OS_STACKS_CORE0_NOINIT_START_SEC,
      block OS_STACK_DEFAULT_APPL_TASK_VAR_NOINIT_BLOCK,
      block OS_STACK_DEFAULT_BSW_ASYNC_TASK_VAR_NOINIT_BLOCK,
      block OS_STACK_OSCORE0_ERROR_VAR_NOINIT_BLOCK,
      block OS_STACK_OSCORE0_INIT_VAR_NOINIT_BLOCK,
      block OS_STACK_OSCORE0_ISR_CORE_VAR_NOINIT_BLOCK,
      block OS_STACK_OSCORE0_KERNEL_VAR_NOINIT_BLOCK,
      block OS_STACK_OSCORE0_PROTECTION_VAR_NOINIT_BLOCK,
      block OS_STACK_OSCORE0_TASK_PRIO10_VAR_NOINIT_BLOCK,
      block OS_STACK_OSCORE0_TASK_PRIO30_VAR_NOINIT_BLOCK,
      block OS_STACK_OSCORE0_TASK_PRIO40_VAR_NOINIT_BLOCK,
      block OS_STACK_OSCORE0_TASK_PRIO4294967295_VAR_NOINIT_BLOCK,
      block OS_STACK_OSCORE0_TASK_PRIO45_VAR_NOINIT_BLOCK,
      block OS_STACK_OSCORE0_TASK_PRIO5_VAR_NOINIT_BLOCK,
      block OS_STACK_OSCORE0_TASK_PRIO50_VAR_NOINIT_BLOCK,
      block OS_STACK_OSCORE0_TASK_PRIO100_VAR_NOINIT_BLOCK,
      block OS_STACK_OSTASK_APP_VAR_NOINIT_BLOCK,
      block OS_STACK_OSTASK_BSW_SCHM_VAR_NOINIT_BLOCK,
      section OS_STACKS_CORE0_NOINIT_LIMIT_SEC };
"INTERNAL_RAM__OS_STACKS_CORE0_NOINIT":
       place in [from 0x1fff'8000 to 0x2000'0000] {
          block OS_STACKS_CORE0_NOINIT };
define block OS_SystemApplication_OsCore0_VAR_FAST_NOCACHE_NOINIT_BLOCK
   with alignment = 8 {
      section .OS_SystemApplication_OsCore0_VAR_FAST_NOCACHE_NOINIT };
define block OS_SystemApplication_OsCore0_VAR_FAST_NOINIT_BLOCK
   with alignment = 8 { section .OS_SystemApplication_OsCore0_VAR_FAST_NOINIT };
define block OS_SystemApplication_OsCore0_VAR_NOCACHE_NOINIT_BLOCK
   with alignment = 8 {
      section .OS_SystemApplication_OsCore0_VAR_NOCACHE_NOINIT };
define block OS_SystemApplication_OsCore0_VAR_NOINIT_BLOCK
   with alignment = 8 { section .OS_SystemApplication_OsCore0_VAR_NOINIT };
define block OS_SystemApplication_OsCore0_NOINIT
   with fixed order, alignment = 4 {
      section OS_SystemApplication_OsCore0_NOINIT_START_SEC,
      block OS_SystemApplication_OsCore0_VAR_FAST_NOCACHE_NOINIT_BLOCK,
      block OS_SystemApplication_OsCore0_VAR_FAST_NOINIT_BLOCK,
      block OS_SystemApplication_OsCore0_VAR_NOCACHE_NOINIT_BLOCK,
      block OS_SystemApplication_OsCore0_VAR_NOINIT_BLOCK,
      section OS_SystemApplication_OsCore0_NOINIT_LIMIT_SEC };
"INTERNAL_RAM__OS_SystemApplication_OsCore0_NOINIT":
       place in [from 0x1fff'8000 to 0x2000'0000] {
          block OS_SystemApplication_OsCore0_NOINIT };
define block Startup_Code_Core0 with alignment = 8 { section .brsStartup };
define block Startup_Code
   with fixed order, alignment = 4 {
      section Startup_Code_START_SEC, block Startup_Code_Core0,
      section Startup_Code_LIMIT_SEC };
"PROGRAM_FLASH__Startup_Code":
       place in [from 0x500 to 0x8'0000] { block Startup_Code };
define block CSTACK with size = 2K, alignment = 8 { };
define block Startup_Stack
   with fixed order, alignment = 4 {
      section Startup_Stack_START_SEC, block CSTACK,
      section Startup_Stack_LIMIT_SEC };
"INTERNAL_RAM__Startup_Stack":
       place in [from 0x1fff'8000 to 0x2000'0000] { block Startup_Stack };
define block DEFAULT_CODE_BLOCK with alignment = 8 { section .text };
define block OS_Default_Init_Task_CODE_BLOCK
   with alignment = 8 { section .OS_Default_Init_Task_CODE };
define block OS_ERRORHOOK_CODE_BLOCK
   with alignment = 8 { section .OS_ERRORHOOK_CODE };
define block Code_Default
   with fixed order, alignment = 4 {
      section Code_Default_START_SEC, block DEFAULT_CODE_BLOCK,
      block OS_Default_Init_Task_CODE_BLOCK, block OS_ERRORHOOK_CODE_BLOCK,
      section Code_Default_LIMIT_SEC };
"PROGRAM_FLASH__Code_Default":
       place in [from 0x500 to 0x8'0000] { block Code_Default };
define block OS_Adc_Adc12bsarv2_EndGroupConvUnit0_CODE_BLOCK
   with alignment = 8 { section .OS_Adc_Adc12bsarv2_EndGroupConvUnit0_CODE };
define block OS_Adc_Adc12bsarv2_EndGroupConvUnit1_CODE_BLOCK
   with alignment = 8 { section .OS_Adc_Adc12bsarv2_EndGroupConvUnit1_CODE };
define block OS_Application_10ms_Task_CODE_BLOCK
   with alignment = 8 { section .OS_Application_10ms_Task_CODE };
define block OS_Application_2ms_Task_CODE_BLOCK
   with alignment = 8 { section .OS_Application_2ms_Task_CODE };
define block OS_Application_500ms_Task_CODE_BLOCK
   with alignment = 8 { section .OS_Application_500ms_Task_CODE };
define block OS_CODE_BLOCK with alignment = 8 { section .OS_CODE };
define block OS_CanBusOffIsr_0_CODE_BLOCK
   with alignment = 8 { section .OS_CanBusOffIsr_0_CODE };
define block OS_CanMailboxIsr_0_CODE_BLOCK
   with alignment = 8 { section .OS_CanMailboxIsr_0_CODE };
define block OS_Default_BSW_10ms_Task_CODE_BLOCK
   with alignment = 8 { section .OS_Default_BSW_10ms_Task_CODE };
define block OS_Default_BSW_20ms_Task_CODE_BLOCK
   with alignment = 8 { section .OS_Default_BSW_20ms_Task_CODE };
define block OS_Default_BSW_5ms_Task_CODE_BLOCK
   with alignment = 8 { section .OS_Default_BSW_5ms_Task_CODE };
define block OS_Default_BSW_ServiceDispatcher_CODE_BLOCK
   with alignment = 8 { section .OS_Default_BSW_ServiceDispatcher_CODE };
define block OS_FTM_0_CH_0_CH_1_ISR_CODE_BLOCK
   with alignment = 8 { section .OS_FTM_0_CH_0_CH_1_ISR_CODE };
define block OS_FTM_0_CH_2_CH_3_ISR_CODE_BLOCK
   with alignment = 8 { section .OS_FTM_0_CH_2_CH_3_ISR_CODE };
define block OS_ICU_PORT_CI_A_EXT_IRQ_ISR_CODE_BLOCK
   with alignment = 8 { section .OS_ICU_PORT_CI_A_EXT_IRQ_ISR_CODE };
define block OS_ICU_PORT_CI_B_EXT_IRQ_ISR_CODE_BLOCK
   with alignment = 8 { section .OS_ICU_PORT_CI_B_EXT_IRQ_ISR_CODE };
define block OS_OS_COREINITHOOK_CODE_BLOCK
   with alignment = 8 { section .OS_OS_COREINITHOOK_CODE };
define block OS_StartApplication_Appl_Init_Task_CODE_BLOCK
   with alignment = 8 { section .OS_StartApplication_Appl_Init_Task_CODE };
define block OS_StartApplication_NVM_Task_CODE_BLOCK
   with alignment = 8 { section .OS_StartApplication_NVM_Task_CODE };
define block OS_CODE
   with fixed order, alignment = 4 {
      section OS_CODE_START_SEC,
      block OS_Adc_Adc12bsarv2_EndGroupConvUnit0_CODE_BLOCK,
      block OS_Adc_Adc12bsarv2_EndGroupConvUnit1_CODE_BLOCK,
      block OS_Application_10ms_Task_CODE_BLOCK,
      block OS_Application_2ms_Task_CODE_BLOCK,
      block OS_Application_500ms_Task_CODE_BLOCK, block OS_CODE_BLOCK,
      block OS_CanBusOffIsr_0_CODE_BLOCK, block OS_CanMailboxIsr_0_CODE_BLOCK,
      block OS_Default_BSW_10ms_Task_CODE_BLOCK,
      block OS_Default_BSW_20ms_Task_CODE_BLOCK,
      block OS_Default_BSW_5ms_Task_CODE_BLOCK,
      block OS_Default_BSW_ServiceDispatcher_CODE_BLOCK,
      block OS_FTM_0_CH_0_CH_1_ISR_CODE_BLOCK,
      block OS_FTM_0_CH_2_CH_3_ISR_CODE_BLOCK,
      block OS_ICU_PORT_CI_A_EXT_IRQ_ISR_CODE_BLOCK,
      block OS_ICU_PORT_CI_B_EXT_IRQ_ISR_CODE_BLOCK,
      block OS_OS_COREINITHOOK_CODE_BLOCK,
      block OS_StartApplication_Appl_Init_Task_CODE_BLOCK,
      block OS_StartApplication_NVM_Task_CODE_BLOCK, section OS_CODE_LIMIT_SEC,
      section .mcal_text };
"PROGRAM_FLASH__OS_CODE":
       place in [from 0x500 to 0x8'0000] { block OS_CODE };
define block OS_CONST_BLOCK with alignment = 8 { section .OS_CONST };
define block OS_CONST_FAST_BLOCK with alignment = 8 { section .OS_CONST_FAST };
define block OS_CORE0_CONST_BLOCK
   with alignment = 8 { section .OS_CORE0_CONST };
define block OS_CORE0_CONST_FAST_BLOCK
   with alignment = 8 { section .OS_CORE0_CONST_FAST };
define block OS_GLOBALSHARED_CONST_BLOCK
   with alignment = 8 { section .OS_GLOBALSHARED_CONST };
define block OS_GLOBALSHARED_CONST_FAST_BLOCK
   with alignment = 8 { section .OS_GLOBALSHARED_CONST_FAST };
define block OS_INTVEC_CONST_BLOCK
   with alignment = 8 { section .OS_INTVEC_CONST };
define block OS_INTVEC_CONST_FAST_BLOCK
   with alignment = 8 { section .OS_INTVEC_CONST_FAST };
define block OS_SystemApplication_OsCore0_CONST_BLOCK
   with alignment = 8 { section .OS_SystemApplication_OsCore0_CONST };
define block OS_SystemApplication_OsCore0_CONST_FAST_BLOCK
   with alignment = 8 { section .OS_SystemApplication_OsCore0_CONST_FAST };
define block OS_CONST
   with fixed order, alignment = 4 {
      section OS_CONST_START_SEC, block OS_CONST_BLOCK,
      block OS_CONST_FAST_BLOCK, block OS_CORE0_CONST_BLOCK,
      block OS_CORE0_CONST_FAST_BLOCK, block OS_GLOBALSHARED_CONST_BLOCK,
      block OS_GLOBALSHARED_CONST_FAST_BLOCK, block OS_INTVEC_CONST_BLOCK,
      block OS_INTVEC_CONST_FAST_BLOCK,
      block OS_SystemApplication_OsCore0_CONST_BLOCK,
      block OS_SystemApplication_OsCore0_CONST_FAST_BLOCK,
      section OS_CONST_LIMIT_SEC, section .mcal_const,
      section .mcal_const_cfg };
"PROGRAM_FLASH__OS_CONST":
       place in [from 0x500 to 0x8'0000] { block OS_CONST };
define block OS_CORE0_VAR_FAST_NOCACHE_NOINIT_BLOCK
   with alignment = 8 { section .OS_CORE0_VAR_FAST_NOCACHE_NOINIT };
define block OS_CORE0_VAR_FAST_NOINIT_BLOCK
   with alignment = 8 { section .OS_CORE0_VAR_FAST_NOINIT };
define block OS_CORE0_VAR_NOCACHE_NOINIT_BLOCK
   with alignment = 8 { section .OS_CORE0_VAR_NOCACHE_NOINIT };
define block OS_CORE0_VAR_NOINIT_BLOCK
   with alignment = 8 { section .OS_CORE0_VAR_NOINIT };
define block OS_DATA_CORE0_NOINIT
   with fixed order, alignment = 4 {
      section OS_DATA_CORE0_NOINIT_START_SEC,
      block OS_CORE0_VAR_FAST_NOCACHE_NOINIT_BLOCK,
      block OS_CORE0_VAR_FAST_NOINIT_BLOCK,
      block OS_CORE0_VAR_NOCACHE_NOINIT_BLOCK, block OS_CORE0_VAR_NOINIT_BLOCK,
      section OS_DATA_CORE0_NOINIT_LIMIT_SEC };
"INTERNAL_RAM__OS_DATA_CORE0_NOINIT":
       place in [from 0x1fff'8000 to 0x2000'0000] {
          block OS_DATA_CORE0_NOINIT };
define block OS_BARRIER_CORE0_VAR_FAST_NOCACHE_NOINIT_BLOCK
   with alignment = 8 { section .OS_BARRIER_CORE0_VAR_FAST_NOCACHE_NOINIT };
define block OS_BARRIER_CORE0_VAR_FAST_NOINIT_BLOCK
   with alignment = 8 { section .OS_BARRIER_CORE0_VAR_FAST_NOINIT };
define block OS_BARRIER_CORE0_VAR_NOCACHE_NOINIT_BLOCK
   with alignment = 8 { section .OS_BARRIER_CORE0_VAR_NOCACHE_NOINIT };
define block OS_BARRIER_CORE0_VAR_NOINIT_BLOCK
   with alignment = 8 { section .OS_BARRIER_CORE0_VAR_NOINIT };
define block OS_CORESTATUS_CORE0_VAR_FAST_NOCACHE_NOINIT_BLOCK
   with alignment = 8 { section .OS_CORESTATUS_CORE0_VAR_FAST_NOCACHE_NOINIT };
define block OS_CORESTATUS_CORE0_VAR_FAST_NOINIT_BLOCK
   with alignment = 8 { section .OS_CORESTATUS_CORE0_VAR_FAST_NOINIT };
define block OS_CORESTATUS_CORE0_VAR_NOCACHE_NOINIT_BLOCK
   with alignment = 8 { section .OS_CORESTATUS_CORE0_VAR_NOCACHE_NOINIT };
define block OS_CORESTATUS_CORE0_VAR_NOINIT_BLOCK
   with alignment = 8 { section .OS_CORESTATUS_CORE0_VAR_NOINIT };
define block OS_GLOBALSHARED_VAR_FAST_NOCACHE_NOINIT_BLOCK
   with alignment = 8 { section .OS_GLOBALSHARED_VAR_FAST_NOCACHE_NOINIT };
define block OS_GLOBALSHARED_VAR_FAST_NOINIT_BLOCK
   with alignment = 8 { section .OS_GLOBALSHARED_VAR_FAST_NOINIT };
define block OS_GLOBALSHARED_VAR_NOCACHE_NOINIT_BLOCK
   with alignment = 8 { section .OS_GLOBALSHARED_VAR_NOCACHE_NOINIT };
define block OS_GLOBALSHARED_VAR_NOINIT_BLOCK
   with alignment = 8 { section .OS_GLOBALSHARED_VAR_NOINIT };
define block OS_PUBLIC_CORE0_VAR_FAST_NOCACHE_NOINIT_BLOCK
   with alignment = 8 { section .OS_PUBLIC_CORE0_VAR_FAST_NOCACHE_NOINIT };
define block OS_PUBLIC_CORE0_VAR_FAST_NOINIT_BLOCK
   with alignment = 8 { section .OS_PUBLIC_CORE0_VAR_FAST_NOINIT };
define block OS_PUBLIC_CORE0_VAR_NOCACHE_NOINIT_BLOCK
   with alignment = 8 { section .OS_PUBLIC_CORE0_VAR_NOCACHE_NOINIT };
define block OS_PUBLIC_CORE0_VAR_NOINIT_BLOCK
   with alignment = 8 { section .OS_PUBLIC_CORE0_VAR_NOINIT };
define block OS_VAR_FAST_NOCACHE_NOINIT_BLOCK
   with alignment = 8 { section .OS_VAR_FAST_NOCACHE_NOINIT };
define block OS_VAR_FAST_NOINIT_BLOCK
   with alignment = 8 { section .OS_VAR_FAST_NOINIT };
define block OS_VAR_NOCACHE_NOINIT_BLOCK
   with alignment = 8 { section .OS_VAR_NOCACHE_NOINIT };
define block OS_VAR_NOINIT_BLOCK with alignment = 8 { section .OS_VAR_NOINIT };
define block OS_DATA_SHARED_NOINIT
   with fixed order, alignment = 4 {
      section OS_DATA_SHARED_NOINIT_START_SEC,
      block OS_BARRIER_CORE0_VAR_FAST_NOCACHE_NOINIT_BLOCK,
      block OS_BARRIER_CORE0_VAR_FAST_NOINIT_BLOCK,
      block OS_BARRIER_CORE0_VAR_NOCACHE_NOINIT_BLOCK,
      block OS_BARRIER_CORE0_VAR_NOINIT_BLOCK,
      block OS_CORESTATUS_CORE0_VAR_FAST_NOCACHE_NOINIT_BLOCK,
      block OS_CORESTATUS_CORE0_VAR_FAST_NOINIT_BLOCK,
      block OS_CORESTATUS_CORE0_VAR_NOCACHE_NOINIT_BLOCK,
      block OS_CORESTATUS_CORE0_VAR_NOINIT_BLOCK,
      block OS_GLOBALSHARED_VAR_FAST_NOCACHE_NOINIT_BLOCK,
      block OS_GLOBALSHARED_VAR_FAST_NOINIT_BLOCK,
      block OS_GLOBALSHARED_VAR_NOCACHE_NOINIT_BLOCK,
      block OS_GLOBALSHARED_VAR_NOINIT_BLOCK,
      block OS_PUBLIC_CORE0_VAR_FAST_NOCACHE_NOINIT_BLOCK,
      block OS_PUBLIC_CORE0_VAR_FAST_NOINIT_BLOCK,
      block OS_PUBLIC_CORE0_VAR_NOCACHE_NOINIT_BLOCK,
      block OS_PUBLIC_CORE0_VAR_NOINIT_BLOCK,
      block OS_VAR_FAST_NOCACHE_NOINIT_BLOCK, block OS_VAR_FAST_NOINIT_BLOCK,
      block OS_VAR_NOCACHE_NOINIT_BLOCK, block OS_VAR_NOINIT_BLOCK,
      section OS_DATA_SHARED_NOINIT_LIMIT_SEC };
"INTERNAL_RAM__OS_DATA_SHARED_NOINIT":
       place in [from 0x1fff'8000 to 0x2000'0000] {
          block OS_DATA_SHARED_NOINIT };
define block OS_BARRIER_CORE0_VAR_BLOCK
   with alignment = 8 { section .OS_BARRIER_CORE0_VAR };
define block OS_BARRIER_CORE0_VAR_FAST_BLOCK
   with alignment = 8 { section .OS_BARRIER_CORE0_VAR_FAST };
define block OS_BARRIER_CORE0_VAR_FAST_NOCACHE_BLOCK
   with alignment = 8 { section .OS_BARRIER_CORE0_VAR_FAST_NOCACHE };
define block OS_BARRIER_CORE0_VAR_NOCACHE_BLOCK
   with alignment = 8 { section .OS_BARRIER_CORE0_VAR_NOCACHE };
define block OS_CORESTATUS_CORE0_VAR_BLOCK
   with alignment = 8 { section .OS_CORESTATUS_CORE0_VAR };
define block OS_CORESTATUS_CORE0_VAR_FAST_BLOCK
   with alignment = 8 { section .OS_CORESTATUS_CORE0_VAR_FAST };
define block OS_CORESTATUS_CORE0_VAR_FAST_NOCACHE_BLOCK
   with alignment = 8 { section .OS_CORESTATUS_CORE0_VAR_FAST_NOCACHE };
define block OS_CORESTATUS_CORE0_VAR_NOCACHE_BLOCK
   with alignment = 8 { section .OS_CORESTATUS_CORE0_VAR_NOCACHE };
define block OS_GLOBALSHARED_VAR_BLOCK
   with alignment = 8 { section .OS_GLOBALSHARED_VAR };
define block OS_GLOBALSHARED_VAR_FAST_BLOCK
   with alignment = 8 { section .OS_GLOBALSHARED_VAR_FAST };
define block OS_GLOBALSHARED_VAR_FAST_NOCACHE_BLOCK
   with alignment = 8 { section .OS_GLOBALSHARED_VAR_FAST_NOCACHE };
define block OS_GLOBALSHARED_VAR_NOCACHE_BLOCK
   with alignment = 8 { section .OS_GLOBALSHARED_VAR_NOCACHE };
define block OS_PUBLIC_CORE0_VAR_BLOCK
   with alignment = 8 { section .OS_PUBLIC_CORE0_VAR };
define block OS_PUBLIC_CORE0_VAR_FAST_BLOCK
   with alignment = 8 { section .OS_PUBLIC_CORE0_VAR_FAST };
define block OS_PUBLIC_CORE0_VAR_FAST_NOCACHE_BLOCK
   with alignment = 8 { section .OS_PUBLIC_CORE0_VAR_FAST_NOCACHE };
define block OS_PUBLIC_CORE0_VAR_NOCACHE_BLOCK
   with alignment = 8 { section .OS_PUBLIC_CORE0_VAR_NOCACHE };
define block OS_VAR_BLOCK with alignment = 8 { section .OS_VAR };
define block OS_VAR_FAST_BLOCK with alignment = 8 { section .OS_VAR_FAST };
define block OS_VAR_FAST_NOCACHE_BLOCK
   with alignment = 8 { section .OS_VAR_FAST_NOCACHE };
define block OS_VAR_NOCACHE_BLOCK
   with alignment = 8 { section .OS_VAR_NOCACHE };
define block OS_DATA_SHARED_INIT
   with fixed order, alignment = 4 {
      section OS_DATA_SHARED_INIT_START_SEC, block OS_BARRIER_CORE0_VAR_BLOCK,
      block OS_BARRIER_CORE0_VAR_FAST_BLOCK,
      block OS_BARRIER_CORE0_VAR_FAST_NOCACHE_BLOCK,
      block OS_BARRIER_CORE0_VAR_NOCACHE_BLOCK,
      block OS_CORESTATUS_CORE0_VAR_BLOCK,
      block OS_CORESTATUS_CORE0_VAR_FAST_BLOCK,
      block OS_CORESTATUS_CORE0_VAR_FAST_NOCACHE_BLOCK,
      block OS_CORESTATUS_CORE0_VAR_NOCACHE_BLOCK,
      block OS_GLOBALSHARED_VAR_BLOCK, block OS_GLOBALSHARED_VAR_FAST_BLOCK,
      block OS_GLOBALSHARED_VAR_FAST_NOCACHE_BLOCK,
      block OS_GLOBALSHARED_VAR_NOCACHE_BLOCK, block OS_PUBLIC_CORE0_VAR_BLOCK,
      block OS_PUBLIC_CORE0_VAR_FAST_BLOCK,
      block OS_PUBLIC_CORE0_VAR_FAST_NOCACHE_BLOCK,
      block OS_PUBLIC_CORE0_VAR_NOCACHE_BLOCK, block OS_VAR_BLOCK,
      block OS_VAR_FAST_BLOCK, block OS_VAR_FAST_NOCACHE_BLOCK,
      block OS_VAR_NOCACHE_BLOCK, section OS_DATA_SHARED_INIT_LIMIT_SEC };
"INTERNAL_RAM__OS_DATA_SHARED_INIT":
       place in [from 0x1fff'8000 to 0x2000'0000] { block OS_DATA_SHARED_INIT };
define block OS_BARRIER_CORE0_VAR_FAST_NOCACHE_ZERO_INIT_BLOCK
   with alignment = 8 { section .OS_BARRIER_CORE0_VAR_FAST_NOCACHE_ZERO_INIT };
define block OS_BARRIER_CORE0_VAR_FAST_ZERO_INIT_BLOCK
   with alignment = 8 { section .OS_BARRIER_CORE0_VAR_FAST_ZERO_INIT };
define block OS_BARRIER_CORE0_VAR_NOCACHE_ZERO_INIT_BLOCK
   with alignment = 8 { section .OS_BARRIER_CORE0_VAR_NOCACHE_ZERO_INIT };
define block OS_BARRIER_CORE0_VAR_ZERO_INIT_BLOCK
   with alignment = 8 { section .OS_BARRIER_CORE0_VAR_ZERO_INIT };
define block OS_CORESTATUS_CORE0_VAR_FAST_NOCACHE_ZERO_INIT_BLOCK
   with alignment = 8 {
      section .OS_CORESTATUS_CORE0_VAR_FAST_NOCACHE_ZERO_INIT };
define block OS_CORESTATUS_CORE0_VAR_FAST_ZERO_INIT_BLOCK
   with alignment = 8 { section .OS_CORESTATUS_CORE0_VAR_FAST_ZERO_INIT };
define block OS_CORESTATUS_CORE0_VAR_NOCACHE_ZERO_INIT_BLOCK
   with alignment = 8 { section .OS_CORESTATUS_CORE0_VAR_NOCACHE_ZERO_INIT };
define block OS_CORESTATUS_CORE0_VAR_ZERO_INIT_BLOCK
   with alignment = 8 { section .OS_CORESTATUS_CORE0_VAR_ZERO_INIT };
define block OS_GLOBALSHARED_VAR_FAST_NOCACHE_ZERO_INIT_BLOCK
   with alignment = 8 { section .OS_GLOBALSHARED_VAR_FAST_NOCACHE_ZERO_INIT };
define block OS_GLOBALSHARED_VAR_FAST_ZERO_INIT_BLOCK
   with alignment = 8 { section .OS_GLOBALSHARED_VAR_FAST_ZERO_INIT };
define block OS_GLOBALSHARED_VAR_NOCACHE_ZERO_INIT_BLOCK
   with alignment = 8 { section .OS_GLOBALSHARED_VAR_NOCACHE_ZERO_INIT };
define block OS_GLOBALSHARED_VAR_ZERO_INIT_BLOCK
   with alignment = 8 { section .OS_GLOBALSHARED_VAR_ZERO_INIT };
define block OS_PUBLIC_CORE0_VAR_FAST_NOCACHE_ZERO_INIT_BLOCK
   with alignment = 8 { section .OS_PUBLIC_CORE0_VAR_FAST_NOCACHE_ZERO_INIT };
define block OS_PUBLIC_CORE0_VAR_FAST_ZERO_INIT_BLOCK
   with alignment = 8 { section .OS_PUBLIC_CORE0_VAR_FAST_ZERO_INIT };
define block OS_PUBLIC_CORE0_VAR_NOCACHE_ZERO_INIT_BLOCK
   with alignment = 8 { section .OS_PUBLIC_CORE0_VAR_NOCACHE_ZERO_INIT };
define block OS_PUBLIC_CORE0_VAR_ZERO_INIT_BLOCK
   with alignment = 8 { section .OS_PUBLIC_CORE0_VAR_ZERO_INIT };
define block OS_VAR_FAST_NOCACHE_ZERO_INIT_BLOCK
   with alignment = 8 { section .OS_VAR_FAST_NOCACHE_ZERO_INIT };
define block OS_VAR_FAST_ZERO_INIT_BLOCK
   with alignment = 8 { section .OS_VAR_FAST_ZERO_INIT };
define block OS_VAR_NOCACHE_ZERO_INIT_BLOCK
   with alignment = 8 { section .OS_VAR_NOCACHE_ZERO_INIT };
define block OS_VAR_ZERO_INIT_BLOCK
   with alignment = 8 { section .OS_VAR_ZERO_INIT };
define block OS_DATA_SHARED_ZERO_INIT
   with fixed order, alignment = 4 {
      section OS_DATA_SHARED_ZERO_INIT_START_SEC,
      block OS_BARRIER_CORE0_VAR_FAST_NOCACHE_ZERO_INIT_BLOCK,
      block OS_BARRIER_CORE0_VAR_FAST_ZERO_INIT_BLOCK,
      block OS_BARRIER_CORE0_VAR_NOCACHE_ZERO_INIT_BLOCK,
      block OS_BARRIER_CORE0_VAR_ZERO_INIT_BLOCK,
      block OS_CORESTATUS_CORE0_VAR_FAST_NOCACHE_ZERO_INIT_BLOCK,
      block OS_CORESTATUS_CORE0_VAR_FAST_ZERO_INIT_BLOCK,
      block OS_CORESTATUS_CORE0_VAR_NOCACHE_ZERO_INIT_BLOCK,
      block OS_CORESTATUS_CORE0_VAR_ZERO_INIT_BLOCK,
      block OS_GLOBALSHARED_VAR_FAST_NOCACHE_ZERO_INIT_BLOCK,
      block OS_GLOBALSHARED_VAR_FAST_ZERO_INIT_BLOCK,
      block OS_GLOBALSHARED_VAR_NOCACHE_ZERO_INIT_BLOCK,
      block OS_GLOBALSHARED_VAR_ZERO_INIT_BLOCK,
      block OS_PUBLIC_CORE0_VAR_FAST_NOCACHE_ZERO_INIT_BLOCK,
      block OS_PUBLIC_CORE0_VAR_FAST_ZERO_INIT_BLOCK,
      block OS_PUBLIC_CORE0_VAR_NOCACHE_ZERO_INIT_BLOCK,
      block OS_PUBLIC_CORE0_VAR_ZERO_INIT_BLOCK,
      block OS_VAR_FAST_NOCACHE_ZERO_INIT_BLOCK,
      block OS_VAR_FAST_ZERO_INIT_BLOCK, block OS_VAR_NOCACHE_ZERO_INIT_BLOCK,
      block OS_VAR_ZERO_INIT_BLOCK, section OS_DATA_SHARED_ZERO_INIT_LIMIT_SEC,
      section .mcal_bss, section .mcal_data };
"INTERNAL_RAM__OS_DATA_SHARED_ZERO_INIT":
       place in [from 0x1fff'8000 to 0x2000'0000] {
          block OS_DATA_SHARED_ZERO_INIT };
define block DEFAULT_RODATA_BLOCK with alignment = 8 { section .rodata };
define block DEFAULT_INTVEC_BLOCK with alignment = 8 { section .intvec };
define block DEFAULT_INIT_TABLE_BLOCK
   with alignment = 8 { section .iar.init_table };
define block DEFAULT_DATA_ROM_INIT_BLOCK
   with alignment = 8 { section .data_init };
define block Const_Default
   with fixed order, alignment = 4 {
      section Const_Default_START_SEC, block DEFAULT_RODATA_BLOCK,
      block DEFAULT_INTVEC_BLOCK, block DEFAULT_INIT_TABLE_BLOCK,
      block DEFAULT_DATA_ROM_INIT_BLOCK, section Const_Default_LIMIT_SEC };
"PROGRAM_FLASH__Const_Default":
       place in [from 0x500 to 0x8'0000] { block Const_Default };
define block DEFAULT_BSS_BLOCK with alignment = 8 { section .bss };
define block DEFAULT_DATA_INIT_BLOCK with alignment = 8 { section .data };
define block Data_Default
   with fixed order, alignment = 4 {
      section Data_Default_START_SEC, block DEFAULT_BSS_BLOCK,
      block DEFAULT_DATA_INIT_BLOCK, section Data_Default_LIMIT_SEC };
"INTERNAL_RAM__Data_Default":
       place in [from 0x1fff'8000 to 0x2000'0000] { block Data_Default };
define block function_in_ram_BLOCK
   with alignment = 4 { section .function_in_ram };
define block Data_Default_INIT
   with fixed order, alignment = 4 {
      section Data_Default_INIT_START_SEC, block function_in_ram_BLOCK,
      section Data_Default_INIT_LIMIT_SEC };
"INTERNAL_RAM__Data_Default_INIT":
       place in [from 0x1fff'8000 to 0x2000'0000] { block Data_Default_INIT };
define block HEAP with size = 2K, alignment = 8 { };
define block Heap_Default
   with fixed order, alignment = 4 {
      section Heap_Default_START_SEC, block HEAP,
      section Heap_Default_LIMIT_SEC };
"INTERNAL_RAM__Heap_Default":
       place in [from 0x1fff'8000 to 0x2000'0000] { block Heap_Default };
do not initialize {
   section .OS_STACK_APPLICATION_10MS_TASK_VAR_NOINIT,
   section .OS_STACK_APPLICATION_500MS_TASK_VAR_NOINIT,
   section .OS_STACK_DEFAULT_BSW_10MS_TASK_VAR_NOINIT,
   section .OS_STACK_DEFAULT_BSW_20MS_TASK_VAR_NOINIT,
   section .OS_STACK_OSCORE0_ERROR_VAR_NOINIT,
   section .OS_STACK_OSCORE0_INIT_VAR_NOINIT,
   section .OS_STACK_OSCORE0_ISR_CORE_VAR_NOINIT,
   section .OS_STACK_OSCORE0_KERNEL_VAR_NOINIT,
   section .OS_STACK_OSCORE0_TASK_PRIO40_VAR_NOINIT,
   section .OS_STACK_OSCORE0_TASK_PRIO4294967295_VAR_NOINIT,
   section .OS_STACK_OSCORE0_TASK_PRIO45_VAR_NOINIT,
   section .OS_STACK_OSCORE0_TASK_PRIO50_VAR_NOINIT,
   section .OS_STACK_OSCORE0_TASK_PRIO5_VAR_NOINIT,
   section .OS_STACK_OSCORE0_TASK_PRIO60_VAR_NOINIT,
   section .OS_STACK_STARTAPPLICATION_NVM_TASK_VAR_NOINIT,
   section .OS_SystemApplication_OsCore0_VAR_FAST_NOCACHE_NOINIT,
   section .OS_SystemApplication_OsCore0_VAR_FAST_NOINIT,
   section .OS_SystemApplication_OsCore0_VAR_NOCACHE_NOINIT,
   section .OS_SystemApplication_OsCore0_VAR_NOINIT,
   section .OS_CORE0_VAR_FAST_NOCACHE_NOINIT,
   section .OS_CORE0_VAR_FAST_NOINIT, section .OS_CORE0_VAR_NOCACHE_NOINIT,
   section .OS_CORE0_VAR_NOINIT,
   section .OS_BARRIER_CORE0_VAR_FAST_NOCACHE_NOINIT,
   section .OS_BARRIER_CORE0_VAR_FAST_NOCACHE_ZERO_INIT,
   section .OS_BARRIER_CORE0_VAR_FAST_NOINIT,
   section .OS_BARRIER_CORE0_VAR_FAST_ZERO_INIT,
   section .OS_BARRIER_CORE0_VAR_NOCACHE_NOINIT,
   section .OS_BARRIER_CORE0_VAR_NOCACHE_ZERO_INIT,
   section .OS_BARRIER_CORE0_VAR_NOINIT,
   section .OS_BARRIER_CORE0_VAR_ZERO_INIT,
   section .OS_CORESTATUS_CORE0_VAR_FAST_NOCACHE_NOINIT,
   section .OS_CORESTATUS_CORE0_VAR_FAST_NOCACHE_ZERO_INIT,
   section .OS_CORESTATUS_CORE0_VAR_FAST_NOINIT,
   section .OS_CORESTATUS_CORE0_VAR_FAST_ZERO_INIT,
   section .OS_CORESTATUS_CORE0_VAR_NOCACHE_NOINIT,
   section .OS_CORESTATUS_CORE0_VAR_NOCACHE_ZERO_INIT,
   section .OS_CORESTATUS_CORE0_VAR_NOINIT,
   section .OS_CORESTATUS_CORE0_VAR_ZERO_INIT,
   section .OS_GLOBALSHARED_VAR_FAST_NOCACHE_NOINIT,
   section .OS_GLOBALSHARED_VAR_FAST_NOCACHE_ZERO_INIT,
   section .OS_GLOBALSHARED_VAR_FAST_NOINIT,
   section .OS_GLOBALSHARED_VAR_FAST_ZERO_INIT,
   section .OS_GLOBALSHARED_VAR_NOCACHE_NOINIT,
   section .OS_GLOBALSHARED_VAR_NOCACHE_ZERO_INIT,
   section .OS_GLOBALSHARED_VAR_NOINIT, section .OS_GLOBALSHARED_VAR_ZERO_INIT,
   section .OS_PUBLIC_CORE0_VAR_FAST_NOCACHE_NOINIT,
   section .OS_PUBLIC_CORE0_VAR_FAST_NOCACHE_ZERO_INIT,
   section .OS_PUBLIC_CORE0_VAR_FAST_NOINIT,
   section .OS_PUBLIC_CORE0_VAR_FAST_ZERO_INIT,
   section .OS_PUBLIC_CORE0_VAR_NOCACHE_NOINIT,
   section .OS_PUBLIC_CORE0_VAR_NOCACHE_ZERO_INIT,
   section .OS_PUBLIC_CORE0_VAR_NOINIT, section .OS_PUBLIC_CORE0_VAR_ZERO_INIT,
   section .OS_VAR_FAST_NOCACHE_NOINIT, section .OS_VAR_FAST_NOCACHE_ZERO_INIT,
   section .OS_VAR_FAST_NOINIT, section .OS_VAR_FAST_ZERO_INIT,
   section .OS_VAR_NOCACHE_NOINIT, section .OS_VAR_NOCACHE_ZERO_INIT,
   section .OS_VAR_NOINIT, section .OS_VAR_ZERO_INIT, section .bss, rw };
keep { section OS_EXCVEC_CORE0_CODE_START_SEC };
keep { section OS_EXCVEC_CORE0_CODE_LIMIT_SEC };
keep { section OS_EXCVEC_CORE0_CONST_START_SEC };
keep { section OS_EXCVEC_CORE0_CONST_LIMIT_SEC };
keep { section OS_INTVEC_CODE_START_SEC };
keep { section OS_INTVEC_CODE_LIMIT_SEC };
keep { section OS_INTVEC_CORE0_CODE_START_SEC };
keep { section OS_INTVEC_CORE0_CODE_LIMIT_SEC };
keep { section OS_INTVEC_CORE0_CONST_START_SEC };
keep { section OS_INTVEC_CORE0_CONST_LIMIT_SEC };
keep { section OS_STACKS_CORE0_NOINIT_START_SEC };
keep { section OS_STACKS_CORE0_NOINIT_LIMIT_SEC };
keep { section OS_SystemApplication_OsCore0_NOINIT_START_SEC };
keep { section OS_SystemApplication_OsCore0_NOINIT_LIMIT_SEC };
keep { section Startup_Code_START_SEC };
keep { section Startup_Code_LIMIT_SEC };
keep { section Startup_Stack_START_SEC };
keep { section Startup_Stack_LIMIT_SEC };
keep { section Code_Default_START_SEC };
keep { section Code_Default_LIMIT_SEC };
keep { section OS_CODE_START_SEC };
keep { section OS_CODE_LIMIT_SEC };
keep { section OS_CONST_START_SEC };
keep { section OS_CONST_LIMIT_SEC };
keep { section OS_DATA_CORE0_NOINIT_START_SEC };
keep { section OS_DATA_CORE0_NOINIT_LIMIT_SEC };
keep { section OS_DATA_SHARED_NOINIT_START_SEC };
keep { section OS_DATA_SHARED_NOINIT_LIMIT_SEC };
keep { section OS_DATA_SHARED_INIT_START_SEC };
keep { section OS_DATA_SHARED_INIT_LIMIT_SEC };
keep { section OS_DATA_SHARED_ZERO_INIT_START_SEC };
keep { section OS_DATA_SHARED_ZERO_INIT_LIMIT_SEC };
keep { section Const_Default_START_SEC };
keep { section Const_Default_LIMIT_SEC };
keep { section Data_Default_START_SEC };
keep { section Data_Default_LIMIT_SEC };
keep { section Data_Default_INIT_START_SEC };
keep { section Data_Default_INIT_LIMIT_SEC };
keep { section Heap_Default_START_SEC };
keep { section Heap_Default_LIMIT_SEC };

No sections matched the following patterns:

  section .APPLHEADER                                            in "P4"
  section .APPLVECT                                              in "P3"
  section .BMHDRHEADER                                           in "P5"
  section .CAL_DATA_SEC                                          in "P2"
  section .OS_Adc_Adc12bsarv2_EndGroupConvUnit0_CODE             in block OS_Adc_Adc12bsarv2_EndGroupConvUnit0_CODE_BLOCK
  section .OS_Adc_Adc12bsarv2_EndGroupConvUnit1_CODE             in block OS_Adc_Adc12bsarv2_EndGroupConvUnit1_CODE_BLOCK
  section .OS_Application_10ms_Task_CODE                         in block OS_Application_10ms_Task_CODE_BLOCK
  section .OS_Application_2ms_Task_CODE                          in block OS_Application_2ms_Task_CODE_BLOCK
  section .OS_Application_500ms_Task_CODE                        in block OS_Application_500ms_Task_CODE_BLOCK
  section .OS_BARRIER_CORE0_VAR                                  in block OS_BARRIER_CORE0_VAR_BLOCK
  section .OS_BARRIER_CORE0_VAR_FAST                             in block OS_BARRIER_CORE0_VAR_FAST_BLOCK
  section .OS_BARRIER_CORE0_VAR_FAST_NOCACHE                     in block OS_BARRIER_CORE0_VAR_FAST_NOCACHE_BLOCK
  section .OS_BARRIER_CORE0_VAR_FAST_NOCACHE_NOINIT              in block OS_BARRIER_CORE0_VAR_FAST_NOCACHE_NOINIT_BLOCK
  section .OS_BARRIER_CORE0_VAR_FAST_NOCACHE_ZERO_INIT           in block OS_BARRIER_CORE0_VAR_FAST_NOCACHE_ZERO_INIT_BLOCK
  section .OS_BARRIER_CORE0_VAR_FAST_NOCACHE_init                in block OS_BARRIER_CORE0_VAR_FAST_NOCACHE_init_BLOCK
  section .OS_BARRIER_CORE0_VAR_FAST_NOINIT                      in block OS_BARRIER_CORE0_VAR_FAST_NOINIT_BLOCK
  section .OS_BARRIER_CORE0_VAR_FAST_ZERO_INIT                   in block OS_BARRIER_CORE0_VAR_FAST_ZERO_INIT_BLOCK
  section .OS_BARRIER_CORE0_VAR_FAST_init                        in block OS_BARRIER_CORE0_VAR_FAST_init_BLOCK
  section .OS_BARRIER_CORE0_VAR_NOCACHE                          in block OS_BARRIER_CORE0_VAR_NOCACHE_BLOCK
  section .OS_BARRIER_CORE0_VAR_NOCACHE_ZERO_INIT                in block OS_BARRIER_CORE0_VAR_NOCACHE_ZERO_INIT_BLOCK
  section .OS_BARRIER_CORE0_VAR_NOCACHE_init                     in block OS_BARRIER_CORE0_VAR_NOCACHE_init_BLOCK
  section .OS_BARRIER_CORE0_VAR_NOINIT                           in block OS_BARRIER_CORE0_VAR_NOINIT_BLOCK
  section .OS_BARRIER_CORE0_VAR_ZERO_INIT                        in block OS_BARRIER_CORE0_VAR_ZERO_INIT_BLOCK
  section .OS_BARRIER_CORE0_VAR_init                             in block OS_BARRIER_CORE0_VAR_init_BLOCK
  section .OS_CONST_FAST                                         in block OS_CONST_FAST_BLOCK
  section .OS_CORE0_CONST_FAST                                   in block OS_CORE0_CONST_FAST_BLOCK
  section .OS_CORE0_VAR_FAST_NOCACHE_NOINIT                      in block OS_CORE0_VAR_FAST_NOCACHE_NOINIT_BLOCK
  section .OS_CORE0_VAR_NOCACHE_NOINIT                           in block OS_CORE0_VAR_NOCACHE_NOINIT_BLOCK
  section .OS_CORESTATUS_CORE0_VAR                               in block OS_CORESTATUS_CORE0_VAR_BLOCK
  section .OS_CORESTATUS_CORE0_VAR_FAST                          in block OS_CORESTATUS_CORE0_VAR_FAST_BLOCK
  section .OS_CORESTATUS_CORE0_VAR_FAST_NOCACHE                  in block OS_CORESTATUS_CORE0_VAR_FAST_NOCACHE_BLOCK
  section .OS_CORESTATUS_CORE0_VAR_FAST_NOCACHE_NOINIT           in block OS_CORESTATUS_CORE0_VAR_FAST_NOCACHE_NOINIT_BLOCK
  section .OS_CORESTATUS_CORE0_VAR_FAST_NOCACHE_ZERO_INIT        in block OS_CORESTATUS_CORE0_VAR_FAST_NOCACHE_ZERO_INIT_BLOCK
  section .OS_CORESTATUS_CORE0_VAR_FAST_NOCACHE_init             in block OS_CORESTATUS_CORE0_VAR_FAST_NOCACHE_init_BLOCK
  section .OS_CORESTATUS_CORE0_VAR_FAST_NOINIT                   in block OS_CORESTATUS_CORE0_VAR_FAST_NOINIT_BLOCK
  section .OS_CORESTATUS_CORE0_VAR_FAST_ZERO_INIT                in block OS_CORESTATUS_CORE0_VAR_FAST_ZERO_INIT_BLOCK
  section .OS_CORESTATUS_CORE0_VAR_FAST_init                     in block OS_CORESTATUS_CORE0_VAR_FAST_init_BLOCK
  section .OS_CORESTATUS_CORE0_VAR_NOCACHE                       in block OS_CORESTATUS_CORE0_VAR_NOCACHE_BLOCK
  section .OS_CORESTATUS_CORE0_VAR_NOCACHE_ZERO_INIT             in block OS_CORESTATUS_CORE0_VAR_NOCACHE_ZERO_INIT_BLOCK
  section .OS_CORESTATUS_CORE0_VAR_NOCACHE_init                  in block OS_CORESTATUS_CORE0_VAR_NOCACHE_init_BLOCK
  section .OS_CORESTATUS_CORE0_VAR_NOINIT                        in block OS_CORESTATUS_CORE0_VAR_NOINIT_BLOCK
  section .OS_CORESTATUS_CORE0_VAR_ZERO_INIT                     in block OS_CORESTATUS_CORE0_VAR_ZERO_INIT_BLOCK
  section .OS_CORESTATUS_CORE0_VAR_init                          in block OS_CORESTATUS_CORE0_VAR_init_BLOCK
  section .OS_CanBusOffIsr_0_CODE                                in block OS_CanBusOffIsr_0_CODE_BLOCK
  section .OS_CanMailboxIsr_0_CODE                               in block OS_CanMailboxIsr_0_CODE_BLOCK
  section .OS_Default_BSW_10ms_Task_CODE                         in block OS_Default_BSW_10ms_Task_CODE_BLOCK
  section .OS_Default_BSW_20ms_Task_CODE                         in block OS_Default_BSW_20ms_Task_CODE_BLOCK
  section .OS_Default_BSW_5ms_Task_CODE                          in block OS_Default_BSW_5ms_Task_CODE_BLOCK
  section .OS_Default_BSW_ServiceDispatcher_CODE                 in block OS_Default_BSW_ServiceDispatcher_CODE_BLOCK
  section .OS_Default_Init_Task_CODE                             in block OS_Default_Init_Task_CODE_BLOCK
  section .OS_ERRORHOOK_CODE                                     in block OS_ERRORHOOK_CODE_BLOCK
  section .OS_EXCVEC_CORE0_CODE                                  in block OS_EXCVEC_CORE0_CODE_BLOCK
  section .OS_EXCVEC_CORE0_CONST                                 in block OS_EXCVEC_CORE0_CONST_BLOCK
  section .OS_EXCVEC_CORE0_CONST_FAST                            in block OS_EXCVEC_CORE0_CONST_FAST_BLOCK
  section .OS_FTM_0_CH_0_CH_1_ISR_CODE                           in block OS_FTM_0_CH_0_CH_1_ISR_CODE_BLOCK
  section .OS_FTM_0_CH_2_CH_3_ISR_CODE                           in block OS_FTM_0_CH_2_CH_3_ISR_CODE_BLOCK
  section .OS_GLOBALSHARED_CONST                                 in block OS_GLOBALSHARED_CONST_BLOCK
  section .OS_GLOBALSHARED_CONST_FAST                            in block OS_GLOBALSHARED_CONST_FAST_BLOCK
  section .OS_GLOBALSHARED_VAR                                   in block OS_GLOBALSHARED_VAR_BLOCK
  section .OS_GLOBALSHARED_VAR_FAST                              in block OS_GLOBALSHARED_VAR_FAST_BLOCK
  section .OS_GLOBALSHARED_VAR_FAST_NOCACHE                      in block OS_GLOBALSHARED_VAR_FAST_NOCACHE_BLOCK
  section .OS_GLOBALSHARED_VAR_FAST_NOCACHE_NOINIT               in block OS_GLOBALSHARED_VAR_FAST_NOCACHE_NOINIT_BLOCK
  section .OS_GLOBALSHARED_VAR_FAST_NOCACHE_ZERO_INIT            in block OS_GLOBALSHARED_VAR_FAST_NOCACHE_ZERO_INIT_BLOCK
  section .OS_GLOBALSHARED_VAR_FAST_NOCACHE_init                 in block OS_GLOBALSHARED_VAR_FAST_NOCACHE_init_BLOCK
  section .OS_GLOBALSHARED_VAR_FAST_NOINIT                       in block OS_GLOBALSHARED_VAR_FAST_NOINIT_BLOCK
  section .OS_GLOBALSHARED_VAR_FAST_ZERO_INIT                    in block OS_GLOBALSHARED_VAR_FAST_ZERO_INIT_BLOCK
  section .OS_GLOBALSHARED_VAR_FAST_init                         in block OS_GLOBALSHARED_VAR_FAST_init_BLOCK
  section .OS_GLOBALSHARED_VAR_NOCACHE                           in block OS_GLOBALSHARED_VAR_NOCACHE_BLOCK
  section .OS_GLOBALSHARED_VAR_NOCACHE_NOINIT                    in block OS_GLOBALSHARED_VAR_NOCACHE_NOINIT_BLOCK
  section .OS_GLOBALSHARED_VAR_NOCACHE_ZERO_INIT                 in block OS_GLOBALSHARED_VAR_NOCACHE_ZERO_INIT_BLOCK
  section .OS_GLOBALSHARED_VAR_NOCACHE_init                      in block OS_GLOBALSHARED_VAR_NOCACHE_init_BLOCK
  section .OS_GLOBALSHARED_VAR_NOINIT                            in block OS_GLOBALSHARED_VAR_NOINIT_BLOCK
  section .OS_GLOBALSHARED_VAR_ZERO_INIT                         in block OS_GLOBALSHARED_VAR_ZERO_INIT_BLOCK
  section .OS_GLOBALSHARED_VAR_init                              in block OS_GLOBALSHARED_VAR_init_BLOCK
  section .OS_ICU_PORT_CI_A_EXT_IRQ_ISR_CODE                     in block OS_ICU_PORT_CI_A_EXT_IRQ_ISR_CODE_BLOCK
  section .OS_ICU_PORT_CI_B_EXT_IRQ_ISR_CODE                     in block OS_ICU_PORT_CI_B_EXT_IRQ_ISR_CODE_BLOCK
  section .OS_INTVEC_CODE                                        in block OS_INTVEC_CODE_BLOCK
  section .OS_INTVEC_CONST                                       in block OS_INTVEC_CONST_BLOCK
  section .OS_INTVEC_CONST_FAST                                  in block OS_INTVEC_CONST_FAST_BLOCK
  section .OS_INTVEC_CORE0_CONST_FAST                            in block OS_INTVEC_CORE0_CONST_FAST_BLOCK
  section .OS_OS_COREINITHOOK_CODE                               in block OS_OS_COREINITHOOK_CODE_BLOCK
  section .OS_PUBLIC_CORE0_VAR                                   in block OS_PUBLIC_CORE0_VAR_BLOCK
  section .OS_PUBLIC_CORE0_VAR_FAST                              in block OS_PUBLIC_CORE0_VAR_FAST_BLOCK
  section .OS_PUBLIC_CORE0_VAR_FAST_NOCACHE                      in block OS_PUBLIC_CORE0_VAR_FAST_NOCACHE_BLOCK
  section .OS_PUBLIC_CORE0_VAR_FAST_NOCACHE_NOINIT               in block OS_PUBLIC_CORE0_VAR_FAST_NOCACHE_NOINIT_BLOCK
  section .OS_PUBLIC_CORE0_VAR_FAST_NOCACHE_ZERO_INIT            in block OS_PUBLIC_CORE0_VAR_FAST_NOCACHE_ZERO_INIT_BLOCK
  section .OS_PUBLIC_CORE0_VAR_FAST_NOCACHE_init                 in block OS_PUBLIC_CORE0_VAR_FAST_NOCACHE_init_BLOCK
  section .OS_PUBLIC_CORE0_VAR_FAST_NOINIT                       in block OS_PUBLIC_CORE0_VAR_FAST_NOINIT_BLOCK
  section .OS_PUBLIC_CORE0_VAR_FAST_ZERO_INIT                    in block OS_PUBLIC_CORE0_VAR_FAST_ZERO_INIT_BLOCK
  section .OS_PUBLIC_CORE0_VAR_FAST_init                         in block OS_PUBLIC_CORE0_VAR_FAST_init_BLOCK
  section .OS_PUBLIC_CORE0_VAR_NOCACHE                           in block OS_PUBLIC_CORE0_VAR_NOCACHE_BLOCK
  section .OS_PUBLIC_CORE0_VAR_NOCACHE_NOINIT                    in block OS_PUBLIC_CORE0_VAR_NOCACHE_NOINIT_BLOCK
  section .OS_PUBLIC_CORE0_VAR_NOCACHE_ZERO_INIT                 in block OS_PUBLIC_CORE0_VAR_NOCACHE_ZERO_INIT_BLOCK
  section .OS_PUBLIC_CORE0_VAR_NOCACHE_init                      in block OS_PUBLIC_CORE0_VAR_NOCACHE_init_BLOCK
  section .OS_PUBLIC_CORE0_VAR_NOINIT                            in block OS_PUBLIC_CORE0_VAR_NOINIT_BLOCK
  section .OS_PUBLIC_CORE0_VAR_ZERO_INIT                         in block OS_PUBLIC_CORE0_VAR_ZERO_INIT_BLOCK
  section .OS_PUBLIC_CORE0_VAR_init                              in block OS_PUBLIC_CORE0_VAR_init_BLOCK
  section .OS_STACK_DEFAULT_APPL_TASK_VAR_NOINIT                 in block OS_STACK_DEFAULT_APPL_TASK_VAR_NOINIT_BLOCK
  section .OS_STACK_DEFAULT_BSW_ASYNC_TASK_VAR_NOINIT            in block OS_STACK_DEFAULT_BSW_ASYNC_TASK_VAR_NOINIT_BLOCK
  section .OS_STACK_OSCORE0_PROTECTION_VAR_NOINIT                in block OS_STACK_OSCORE0_PROTECTION_VAR_NOINIT_BLOCK
  section .OS_STACK_OSCORE0_TASK_PRIO100_VAR_NOINIT              in block OS_STACK_OSCORE0_TASK_PRIO100_VAR_NOINIT_BLOCK
  section .OS_STACK_OSCORE0_TASK_PRIO30_VAR_NOINIT               in block OS_STACK_OSCORE0_TASK_PRIO30_VAR_NOINIT_BLOCK
  section .OS_STACK_OSCORE0_TASK_PRIO40_VAR_NOINIT               in block OS_STACK_OSCORE0_TASK_PRIO40_VAR_NOINIT_BLOCK
  section .OS_STACK_OSCORE0_TASK_PRIO45_VAR_NOINIT               in block OS_STACK_OSCORE0_TASK_PRIO45_VAR_NOINIT_BLOCK
  section .OS_STACK_OSCORE0_TASK_PRIO50_VAR_NOINIT               in block OS_STACK_OSCORE0_TASK_PRIO50_VAR_NOINIT_BLOCK
  section .OS_STACK_OSCORE0_TASK_PRIO5_VAR_NOINIT                in block OS_STACK_OSCORE0_TASK_PRIO5_VAR_NOINIT_BLOCK
  section .OS_STACK_OSTASK_APP_VAR_NOINIT                        in block OS_STACK_OSTASK_APP_VAR_NOINIT_BLOCK
  section .OS_STACK_OSTASK_BSW_SCHM_VAR_NOINIT                   in block OS_STACK_OSTASK_BSW_SCHM_VAR_NOINIT_BLOCK
  section .OS_StartApplication_Appl_Init_Task_CODE               in block OS_StartApplication_Appl_Init_Task_CODE_BLOCK
  section .OS_StartApplication_NVM_Task_CODE                     in block OS_StartApplication_NVM_Task_CODE_BLOCK
  section .OS_SystemApplication_OsCore0_CONST                    in block OS_SystemApplication_OsCore0_CONST_BLOCK
  section .OS_SystemApplication_OsCore0_CONST_FAST               in block OS_SystemApplication_OsCore0_CONST_FAST_BLOCK
  section .OS_SystemApplication_OsCore0_VAR_FAST_NOCACHE_NOINIT  in block OS_SystemApplication_OsCore0_VAR_FAST_NOCACHE_NOINIT_BLOCK
  section .OS_SystemApplication_OsCore0_VAR_FAST_NOINIT          in block OS_SystemApplication_OsCore0_VAR_FAST_NOINIT_BLOCK
  section .OS_SystemApplication_OsCore0_VAR_NOCACHE_NOINIT       in block OS_SystemApplication_OsCore0_VAR_NOCACHE_NOINIT_BLOCK
  section .OS_SystemApplication_OsCore0_VAR_NOINIT               in block OS_SystemApplication_OsCore0_VAR_NOINIT_BLOCK
  section .OS_VAR                                                in block OS_VAR_BLOCK
  section .OS_VAR_FAST                                           in block OS_VAR_FAST_BLOCK
  section .OS_VAR_FAST_NOCACHE                                   in block OS_VAR_FAST_NOCACHE_BLOCK
  section .OS_VAR_FAST_NOCACHE_NOINIT                            in block OS_VAR_FAST_NOCACHE_NOINIT_BLOCK
  section .OS_VAR_FAST_NOCACHE_ZERO_INIT                         in block OS_VAR_FAST_NOCACHE_ZERO_INIT_BLOCK
  section .OS_VAR_FAST_NOCACHE_init                              in block OS_VAR_FAST_NOCACHE_init_BLOCK
  section .OS_VAR_FAST_NOINIT                                    in block OS_VAR_FAST_NOINIT_BLOCK
  section .OS_VAR_FAST_ZERO_INIT                                 in block OS_VAR_FAST_ZERO_INIT_BLOCK
  section .OS_VAR_FAST_init                                      in block OS_VAR_FAST_init_BLOCK
  section .OS_VAR_NOCACHE                                        in block OS_VAR_NOCACHE_BLOCK
  section .OS_VAR_NOCACHE_ZERO_INIT                              in block OS_VAR_NOCACHE_ZERO_INIT_BLOCK
  section .OS_VAR_NOCACHE_init                                   in block OS_VAR_NOCACHE_init_BLOCK
  section .OS_VAR_NOINIT                                         in block OS_VAR_NOINIT_BLOCK
  section .OS_VAR_ZERO_INIT                                      in block OS_VAR_ZERO_INIT_BLOCK
  section .OS_VAR_init                                           in block OS_VAR_init_BLOCK
  section .brsStartup                                            in block Startup_Code_Core0
  section .data                                                  in block DEFAULT_DATA_INIT_BLOCK
  section .data_init                                             in block DEFAULT_DATA_ROM_INIT_BLOCK
  section .function_in_ram                                       in block function_in_ram_BLOCK
  section .function_in_ram_init                                  in block function_in_ram_init_BLOCK
  section .iar.init_table                                        in block DEFAULT_INIT_TABLE_BLOCK
  section .mcal_bss                                              in block OS_DATA_SHARED_ZERO_INIT
  section .mcal_const                                            in block OS_CONST
  section .mcal_const_cfg                                        in block OS_CONST
  section .mcal_data                                             in block OS_DATA_SHARED_ZERO_INIT
  section .mcal_text                                             in block OS_CODE


  Section                 Kind               Address      Size  Object
  -------                 ----               -------      ----  ------
"VECTORS__OS_EXCVEC_CORE0_CONST":                          0x0
  OS_EXCVEC_CORE0_CONST                          0x0       0x0  <Block>
    OS_EXCVEC_CORE0_CONST_START_SEC
                          uninit                 0x0       0x0  <internal module>
    OS_EXCVEC_CORE0_CONST_LIMIT_SEC
                          uninit                 0x0       0x0  <internal module>

"VECTORS__OS_INTVEC_CORE0_CONST":                        0x3c0
  OS_INTVEC_CORE0_CONST                          0x0     0x3c0  <Block>
    OS_INTVEC_CORE0_CONST_START_SEC
                          uninit                 0x0       0x0  <internal module>
    OS_INTVEC_CORE0_CONST_BLOCK
                                                 0x0     0x3c0  <Block>
      .OS_INTVEC_CORE0_CONST
                          const                  0x0     0x3c0  Os_Hal_Entry_Lcfg.o [1]
    OS_INTVEC_CORE0_CONST_LIMIT_SEC
                          uninit               0x3c0       0x0  <internal module>
                                             - 0x3c0     0x3c0

"P1":                                                     0x10
  FlashConfig             ro code              0x400      0x10  startup_S32K148.o [1]
                                             - 0x410      0x10

"PROGRAM_FLASH__OS_EXCVEC_CORE0_CODE":                     0x0
  OS_EXCVEC_CORE0_CODE                         0x500       0x0  <Block>
    OS_EXCVEC_CORE0_CODE_START_SEC
                          uninit               0x500       0x0  <internal module>
    OS_EXCVEC_CORE0_CODE_LIMIT_SEC
                          uninit               0x500       0x0  <internal module>

"PROGRAM_FLASH__OS_INTVEC_CODE":                           0x0
  OS_INTVEC_CODE                               0x500       0x0  <Block>
    OS_INTVEC_CODE_START_SEC
                          uninit               0x500       0x0  <internal module>
    OS_INTVEC_CODE_LIMIT_SEC
                          uninit               0x500       0x0  <internal module>

"PROGRAM_FLASH__OS_INTVEC_CORE0_CODE":                    0x4c
  OS_INTVEC_CORE0_CODE                         0x500      0x4c  <Block>
    OS_INTVEC_CORE0_CODE_START_SEC
                          uninit               0x500       0x0  <internal module>
    OS_INTVEC_CORE0_CODE_BLOCK
                                               0x500      0x4c  <Block>
      .OS_INTVEC_CORE0_CODE
                          ro code              0x500      0x4c  Os_Hal_EntryAsm_Lcfg.o [1]
    OS_INTVEC_CORE0_CODE_LIMIT_SEC
                          uninit               0x54c       0x0  <internal module>
                                             - 0x54c      0x4c

"PROGRAM_FLASH__Startup_Code":                             0x0
  Startup_Code                                 0x54c       0x0  <Block>
    Startup_Code_START_SEC
                          uninit               0x54c       0x0  <internal module>
    Startup_Code_LIMIT_SEC
                          uninit               0x54c       0x0  <internal module>

"PROGRAM_FLASH__Code_Default":                          0x15dc
  Code_Default                                 0x54c    0x15da  <Block>
    Code_Default_START_SEC
                          uninit               0x54c       0x0  <internal module>
    DEFAULT_CODE_BLOCK                         0x550    0x15d6  <Block>
      .text               ro code              0x550     0x4f8  BswM.o [1]
      .text               ro code              0xa48      0x28  Det.o [1]
      .text               ro code              0xa70     0x2f4  BswM_Lcfg.o [1]
      .text               ro code              0xd64      0xe8  Rte.o [1]
      .text               ro code              0xe4c       0xe  BswM_Callout_Stubs.o [1]
      .text               ro code              0xe5a       0x2  startup_S32K148.o [1]
      .text               ro code              0xe5c     0x20c  EcuM.o [1]
      .text               ro code             0x1068      0x58  EcuM_Callout_Stubs.o [1]
      .text               ro code             0x10c0      0x8c  Mcu.o [1]
      .text               ro code             0x114c      0x28  Port.o [1]
      .text               ro code             0x1174      0xd0  Mcu_IPW.o [1]
      .text               ro code             0x1244     0x324  Port_Port_Ci.o [1]
      .text               ro code             0x1568      0xbc  Mcu_SIM.o [1]
      .text               ro code             0x1624      0x24  Mcu_RCM.o [1]
      .text               ro code             0x1648      0x34  Mcu_PMC.o [1]
      .text               ro code             0x167c      0x10  Mcu_SMC.o [1]
      .text               ro code             0x168c     0x1c0  Mcu_SCG.o [1]
      .text               ro code             0x184c      0x68  Mcu_PCC.o [1]
      .text               ro code             0x18b4      0x36  main.o [1]
      .text               ro code             0x18ea       0x2  startup_S32K148.o [1]
      .text               ro code             0x18ec      0xc4  startup.o [1]
      .text               ro code             0x19b0      0x3c  startup_S32K148.o [1]
      .text               ro code             0x19ec      0x2c  system_S32K148.o [1]
      .text               ro code             0x1a18      0x86  ABImemcpy.o [3]
      .text               ro code             0x1a9e       0x2  startup_S32K148.o [1]
      .text               ro code             0x1aa0      0x1e  cmain.o [3]
      .text               ro code             0x1abe       0x4  low_level_init.o [2]
      .text               ro code             0x1ac2       0x4  exit.o [2]
      .text               ro code             0x1ac6       0x2  startup_S32K148.o [1]
      .text               ro code             0x1ac8       0xa  cexit.o [3]
      .text               ro code             0x1ad2       0x2  startup_S32K148.o [1]
      .text               ro code             0x1ad4      0x14  exit.o [4]
      .text               ro code             0x1ae8      0x1a  Os_Callout_Stubs.o [1]
      .text               ro code             0x1b02       0xc  Os_Core.o [1]
      .text               ro code             0x1b0e       0x2  startup_S32K148.o [1]
      .text               ro code             0x1b10       0x2  startup_S32K148.o [1]
      .text               ro code             0x1b12       0x2  startup_S32K148.o [1]
      .text               ro code             0x1b14       0x2  startup_S32K148.o [1]
      .text               ro code             0x1b16       0x4  startup_S32K148.o [1]
      .text               ro code             0x1b1a       0xc  cstartup_M.o [3]
    Code_Default_LIMIT_SEC
                          uninit              0x1b26       0x0  <internal module>
                                            - 0x1b26    0x15da

"PROGRAM_FLASH__OS_CODE":                             0x1'4ebc
  OS_CODE                                     0x1b28  0x1'4ebc  <Block>
    OS_CODE_START_SEC     uninit              0x1b28       0x0  <internal module>
    OS_CODE_BLOCK                             0x1b28  0x1'4ebc  <Block>
      .OS_CODE            ro code             0x1b28     0x182  Os_AccessCheck.o [1]
      .OS_CODE            ro code             0x1cac     0x6ba  Os_Error.o [1]
      .OS_CODE            ro code             0x2368    0x1a68  Os_Task.o [1]
      .OS_CODE            ro code             0x3dd0    0x16d6  Os_Isr.o [1]
      .OS_CODE            ro code             0x54a8     0x834  Os_Thread.o [1]
      .OS_CODE            ro code             0x5cdc    0x1390  Os_Application.o [1]
      .OS_CODE            ro code             0x706c    0x101e  Os_Core.o [1]
      .OS_CODE            ro code             0x808c    0x125e  Os_Hook.o [1]
      .OS_CODE            ro code             0x92ec      0x84  Os_Hal_Core.o [1]
      .OS_CODE            ro code             0x9370     0x5c4  Os_XSignal.o [1]
      .OS_CODE            ro code             0x9934     0x350  Os_TimingProtection.o [1]
      .OS_CODE            ro code             0x9c84     0xb76  Os_Interrupt.o [1]
      .OS_CODE            ro code             0xa7fc    0x1ac2  Os_Trap.o [1]
      .OS_CODE            ro code             0xc2c0    0x1142  Os_Spinlock.o [1]
      .OS_CODE            ro code             0xd404    0x11c0  Os_Resource.o [1]
      .OS_CODE            ro code             0xe5c4     0xd1e  Os_ServiceFunction.o [1]
      .OS_CODE            ro code             0xf2e4     0x176  Os_Hal_Context_v7m.o [1]
      .OS_CODE            ro code             0xf45c     0x730  Os_Scheduler.o [1]
      .OS_CODE            ro code             0xfb8c    0x12d4  Os_Counter.o [1]
      .OS_CODE            ro code           0x1'0e60     0x9d8  Os_Alarm.o [1]
      .OS_CODE            ro code           0x1'1838     0xfc8  Os_ScheduleTable.o [1]
      .OS_CODE            ro code           0x1'2800    0x1740  Os_Ioc.o [1]
      .OS_CODE            ro code           0x1'3f40     0x856  Os_Stack.o [1]
      .OS_CODE            ro code           0x1'4798     0x36c  Os_Barrier.o [1]
      .OS_CODE            ro code           0x1'4b04    0x12ba  Os_Event.o [1]
      .OS_CODE            ro code           0x1'5dc0     0x2b6  Os_Peripheral.o [1]
      .OS_CODE            ro code           0x1'6078      0x12  Os_Hal_Compiler_Iar.o [1]
      .OS_CODE            ro code           0x1'608c     0x1d8  Os_Hal_ContextAsm.o [1]
      .OS_CODE            ro code           0x1'6264     0x282  Os_PriorityQueue.o [1]
      .OS_CODE            ro code           0x1'64e8     0x390  Os_Timer.o [1]
      .OS_CODE            ro code           0x1'6878       0x0  Os_Hal_EntryAsm_Lcfg.o [1]
      .OS_CODE            ro code           0x1'6878     0x16c  Os_MemoryProtection.o [1]
    OS_CODE_LIMIT_SEC     uninit            0x1'69e4       0x0  <internal module>
                                          - 0x1'69e4  0x1'4ebc

"PROGRAM_FLASH__OS_CONST":                               0x600
  OS_CONST                                  0x1'69e4     0x600  <Block>
    OS_CONST_START_SEC    uninit            0x1'69e4       0x0  <internal module>
    OS_CONST_BLOCK                          0x1'69e8      0xcd  <Block>
      .OS_CONST           const             0x1'69e8       0x8  Os_AccessCheck_Lcfg.o [1]
      .OS_CONST           const             0x1'69f0       0x8  Os_Alarm_Lcfg.o [1]
      .OS_CONST           const             0x1'69f8       0x8  Os_Application_Lcfg.o [1]
      .OS_CONST           const             0x1'6a00       0x4  Os_Barrier_Lcfg.o [1]
      .OS_CONST           const             0x1'6a04       0x4  Os_Core_Lcfg.o [1]
      .OS_CONST           const             0x1'6a08       0x8  Os_Core_Lcfg.o [1]
      .OS_CONST           const             0x1'6a10      0x28  Os_Core_Lcfg.o [1]
      .OS_CONST           const             0x1'6a38       0x8  Os_Counter_Lcfg.o [1]
      .OS_CONST           const             0x1'6a40       0x8  Os_Error_Lcfg.o [1]
      .OS_CONST           const             0x1'6a48       0x8  Os_Error_Lcfg.o [1]
      .OS_CONST           const             0x1'6a50       0x8  Os_Hal_Context_Lcfg.o [1]
      .OS_CONST           const             0x1'6a58       0x4  Os_Hal_Core_Lcfg.o [1]
      .OS_CONST           const             0x1'6a5c       0x4  Os_Hal_Core_Lcfg.o [1]
      .OS_CONST           const             0x1'6a60       0x4  Os_Hal_Core_Lcfg.o [1]
      .OS_CONST           const             0x1'6a64       0x8  Os_Hal_Kernel_Lcfg.o [1]
      .OS_CONST           const             0x1'6a6c       0x8  Os_Hal_Kernel_Lcfg.o [1]
      .OS_CONST           const             0x1'6a74       0x8  Os_Hal_Kernel_Lcfg.o [1]
      .OS_CONST           const             0x1'6a7c       0x8  Os_Isr_Lcfg.o [1]
      .OS_CONST           const             0x1'6a84       0x4  Os_Peripheral_Lcfg.o [1]
      .OS_CONST           const             0x1'6a88       0x8  Os_Resource_Lcfg.o [1]
      .OS_CONST           const             0x1'6a90       0x4  Os_ScheduleTable_Lcfg.o [1]
      .OS_CONST           const             0x1'6a94       0x4  Os_ServiceFunction_Lcfg.o [1]
      .OS_CONST           const             0x1'6a98       0x4  Os_ServiceFunction_Lcfg.o [1]
      .OS_CONST           const             0x1'6a9c       0x4  Os_ServiceFunction_Lcfg.o [1]
      .OS_CONST           const             0x1'6aa0       0x4  Os_Spinlock_Lcfg.o [1]
      .OS_CONST           const             0x1'6aa4      0x10  Os_Task_Lcfg.o [1]
      .OS_CONST           const             0x1'6ab4       0x1  Os_XSignal_Lcfg.o [1]
    OS_CORE0_CONST_BLOCK                    0x1'6ab8     0x52c  <Block>
      .OS_CORE0_CONST     const             0x1'6ab8      0x24  Os_Alarm_Lcfg.o [1]
      .OS_CORE0_CONST     const             0x1'6adc       0x8  Os_Application_Lcfg.o [1]
      .OS_CORE0_CONST     const             0x1'6ae4       0x8  Os_Application_Lcfg.o [1]
      .OS_CORE0_CONST     const             0x1'6aec       0x4  Os_Application_Lcfg.o [1]
      .OS_CORE0_CONST     const             0x1'6af0       0x8  Os_Application_Lcfg.o [1]
      .OS_CORE0_CONST     const             0x1'6af8       0x4  Os_Application_Lcfg.o [1]
      .OS_CORE0_CONST     const             0x1'6afc       0x4  Os_Application_Lcfg.o [1]
      .OS_CORE0_CONST     const             0x1'6b00      0x10  Os_Application_Lcfg.o [1]
      .OS_CORE0_CONST     const             0x1'6b10       0x4  Os_Application_Lcfg.o [1]
      .OS_CORE0_CONST     const             0x1'6b14      0x60  Os_Application_Lcfg.o [1]
      .OS_CORE0_CONST     const             0x1'6b74      0x14  Os_Barrier_Lcfg.o [1]
      .OS_CORE0_CONST     const             0x1'6b88       0xc  Os_Core_Lcfg.o [1]
      .OS_CORE0_CONST     const             0x1'6b94       0x4  Os_Core_Lcfg.o [1]
      .OS_CORE0_CONST     const             0x1'6b98       0x4  Os_Core_Lcfg.o [1]
      .OS_CORE0_CONST     const             0x1'6b9c       0x4  Os_Core_Lcfg.o [1]
      .OS_CORE0_CONST     const             0x1'6ba0       0x8  Os_Core_Lcfg.o [1]
      .OS_CORE0_CONST     const             0x1'6ba8      0x1c  Os_Core_Lcfg.o [1]
      .OS_CORE0_CONST     const             0x1'6bc4      0x98  Os_Core_Lcfg.o [1]
      .OS_CORE0_CONST     const             0x1'6c5c      0x38  Os_Counter_Lcfg.o [1]
      .OS_CORE0_CONST     const             0x1'6c94      0x1c  Os_Hal_Context_Lcfg.o [1]
      .OS_CORE0_CONST     const             0x1'6cb0      0x1c  Os_Hal_Context_Lcfg.o [1]
      .OS_CORE0_CONST     const             0x1'6ccc      0x1c  Os_Hal_Context_Lcfg.o [1]
      .OS_CORE0_CONST     const             0x1'6ce8      0x1c  Os_Hal_Context_Lcfg.o [1]
      .OS_CORE0_CONST     const             0x1'6d04      0x1c  Os_Hal_Context_Lcfg.o [1]
      .OS_CORE0_CONST     const             0x1'6d20      0x1c  Os_Hal_Context_Lcfg.o [1]
      .OS_CORE0_CONST     const             0x1'6d3c       0xc  Os_Hal_Context_Lcfg.o [1]
      .OS_CORE0_CONST     const             0x1'6d48       0x4  Os_Hal_Core_Lcfg.o [1]
      .OS_CORE0_CONST     const             0x1'6d4c       0x8  Os_Hal_Core_Lcfg.o [1]
      .OS_CORE0_CONST     const             0x1'6d54      0x14  Os_Hal_Core_Lcfg.o [1]
      .OS_CORE0_CONST     const             0x1'6d68      0x10  Os_Hal_Interrupt_Lcfg.o [1]
      .OS_CORE0_CONST     const             0x1'6d78       0x4  Os_Hal_Timer_Lcfg.o [1]
      .OS_CORE0_CONST     const             0x1'6d7c      0x50  Os_Hook_Lcfg.o [1]
      .OS_CORE0_CONST     const             0x1'6dcc      0x50  Os_Hook_Lcfg.o [1]
      .OS_CORE0_CONST     const             0x1'6e1c      0x48  Os_Isr_Lcfg.o [1]
      .OS_CORE0_CONST     const             0x1'6e64      0x18  Os_Resource_Lcfg.o [1]
      .OS_CORE0_CONST     const             0x1'6e7c      0x18  Os_Scheduler_Lcfg.o [1]
      .OS_CORE0_CONST     const             0x1'6e94      0x18  Os_Scheduler_Lcfg.o [1]
      .OS_CORE0_CONST     const             0x1'6eac       0x8  Os_Stack_Lcfg.o [1]
      .OS_CORE0_CONST     const             0x1'6eb4       0x8  Os_Stack_Lcfg.o [1]
      .OS_CORE0_CONST     const             0x1'6ebc       0x8  Os_Stack_Lcfg.o [1]
      .OS_CORE0_CONST     const             0x1'6ec4       0x8  Os_Stack_Lcfg.o [1]
      .OS_CORE0_CONST     const             0x1'6ecc       0x8  Os_Stack_Lcfg.o [1]
      .OS_CORE0_CONST     const             0x1'6ed4       0x8  Os_Stack_Lcfg.o [1]
      .OS_CORE0_CONST     const             0x1'6edc      0x58  Os_Task_Lcfg.o [1]
      .OS_CORE0_CONST     const             0x1'6f34      0x58  Os_Task_Lcfg.o [1]
      .OS_CORE0_CONST     const             0x1'6f8c      0x58  Os_Task_Lcfg.o [1]
    OS_CONST_LIMIT_SEC    uninit            0x1'6fe4       0x0  <internal module>
                                          - 0x1'6fe4     0x600

"PROGRAM_FLASH__Const_Default":                          0x7fc
  Const_Default                             0x1'6fe4     0x7fc  <Block>
    Const_Default_START_SEC
                          uninit            0x1'6fe4       0x0  <internal module>
    DEFAULT_RODATA_BLOCK                    0x1'6fe8     0x3f4  <Block>
      .rodata             const             0x1'6fe8      0x30  BswM_Lcfg.o [1]
      .rodata             const             0x1'7018       0x8  BswM_Lcfg.o [1]
      .rodata             const             0x1'7020      0x50  BswM_Lcfg.o [1]
      .rodata             const             0x1'7070       0x8  BswM_Lcfg.o [1]
      .rodata             const             0x1'7078       0x4  BswM_Lcfg.o [1]
      .rodata             const             0x1'707c       0x4  EcuM_Cfg.o [1]
      .rodata             const             0x1'7080       0x8  Mcu_PBcfg.o [1]
      .rodata             const             0x1'7088       0xc  Mcu_PBcfg.o [1]
      .rodata             const             0x1'7094      0x18  Mcu_PBcfg.o [1]
      .rodata             const             0x1'70ac      0x18  Mcu_PBcfg.o [1]
      .rodata             const             0x1'70c4      0x18  Mcu_PBcfg.o [1]
      .rodata             const             0x1'70dc      0x18  Mcu_PBcfg.o [1]
      .rodata             const             0x1'70f4      0x20  Mcu_PBcfg.o [1]
      .rodata             const             0x1'7114     0x100  Mcu_PBcfg.o [1]
      .rodata             const             0x1'7214       0x8  Mcu_PBcfg.o [1]
      .rodata             const             0x1'721c      0x14  Mcu_PBcfg.o [1]
      .rodata             const             0x1'7230       0x8  Mcu_PBcfg.o [1]
      .rodata             const             0x1'7238      0x1c  Mcu_PBcfg.o [1]
      .rodata             const             0x1'7254       0x4  Mcu_PBcfg.o [1]
      .rodata             const             0x1'7258       0x4  Mcu_PBcfg.o [1]
      .rodata             const             0x1'725c      0x10  Mcu_PBcfg.o [1]
      .rodata             const             0x1'726c      0x18  Mcu_PBcfg.o [1]
      .rodata             const             0x1'7284      0x10  Os_Scheduler.o [1]
      .rodata             const             0x1'7294      0x10  Os_ServiceFunction.o [1]
      .rodata             const             0x1'72a4      0xa4  Port_PBcfg.o [1]
      .rodata             const             0x1'7348       0x8  Port_PBcfg.o [1]
      .rodata             const             0x1'7350      0x70  Port_PBcfg.o [1]
      .rodata             const             0x1'73c0      0x18  Port_PBcfg.o [1]
      .rodata             const             0x1'73d8       0x4  startup.o [1]
    DEFAULT_INTVEC_BLOCK                    0x1'73e0     0x400  <Block>
      .intvec             ro code           0x1'73e0     0x400  startup_S32K148.o [1]
    Const_Default_LIMIT_SEC
                          uninit            0x1'77e0       0x0  <internal module>
                                          - 0x1'77e0     0x7fc

"INTERNAL_RAM__OS_STACKS_CORE0_NOINIT":                 0x1c00
  OS_STACKS_CORE0_NOINIT                 0x1fff'8000    0x1c00  <Block>
    OS_STACKS_CORE0_NOINIT_START_SEC
                          uninit         0x1fff'8000       0x0  <internal module>
    OS_STACK_OSCORE0_ERROR_VAR_NOINIT_BLOCK
                                         0x1fff'8000     0x400  <Block>
      .OS_STACK_OSCORE0_ERROR_VAR_NOINIT
                          uninit         0x1fff'8000     0x400  Os_Stack_Lcfg.o [1]
    OS_STACK_OSCORE0_INIT_VAR_NOINIT_BLOCK
                                         0x1fff'8400     0x400  <Block>
      .OS_STACK_OSCORE0_INIT_VAR_NOINIT
                          uninit         0x1fff'8400     0x400  Os_Stack_Lcfg.o [1]
    OS_STACK_OSCORE0_ISR_CORE_VAR_NOINIT_BLOCK
                                         0x1fff'8800     0x400  <Block>
      .OS_STACK_OSCORE0_ISR_CORE_VAR_NOINIT
                          uninit         0x1fff'8800     0x400  Os_Stack_Lcfg.o [1]
    OS_STACK_OSCORE0_KERNEL_VAR_NOINIT_BLOCK
                                         0x1fff'8c00     0x400  <Block>
      .OS_STACK_OSCORE0_KERNEL_VAR_NOINIT
                          uninit         0x1fff'8c00     0x400  Os_Stack_Lcfg.o [1]
    OS_STACK_OSCORE0_TASK_PRIO10_VAR_NOINIT_BLOCK
                                         0x1fff'9000     0x800  <Block>
      .OS_STACK_OSCORE0_TASK_PRIO10_VAR_NOINIT
                          uninit         0x1fff'9000     0x800  Os_Stack_Lcfg.o [1]
    OS_STACK_OSCORE0_TASK_PRIO4294967295_VAR_NOINIT_BLOCK
                                         0x1fff'9800     0x400  <Block>
      .OS_STACK_OSCORE0_TASK_PRIO4294967295_VAR_NOINIT
                          uninit         0x1fff'9800     0x400  Os_Stack_Lcfg.o [1]
    OS_STACKS_CORE0_NOINIT_LIMIT_SEC
                          uninit         0x1fff'9c00       0x0  <internal module>
                                       - 0x1fff'9c00    0x1c00

"INTERNAL_RAM__OS_SystemApplication_OsCore0_NOINIT":       0x0
  OS_SystemApplication_OsCore0_NOINIT
                                         0x1fff'9c00       0x0  <Block>
    OS_SystemApplication_OsCore0_NOINIT_START_SEC
                          uninit         0x1fff'9c00       0x0  <internal module>
    OS_SystemApplication_OsCore0_NOINIT_LIMIT_SEC
                          uninit         0x1fff'9c00       0x0  <internal module>

"INTERNAL_RAM__Startup_Stack":                           0x800
  Startup_Stack                          0x1fff'9c00     0x800  <Block>
    Startup_Stack_START_SEC
                          uninit         0x1fff'9c00       0x0  <internal module>
    CSTACK                               0x1fff'9c00     0x800  <Block>
      CSTACK              uninit         0x1fff'9c00     0x800  <Block tail>
    Startup_Stack_LIMIT_SEC
                          uninit         0x1fff'a400       0x0  <internal module>
                                       - 0x1fff'a400     0x800

"INTERNAL_RAM__OS_DATA_CORE0_NOINIT":                    0x475
  OS_DATA_CORE0_NOINIT                   0x1fff'a400     0x475  <Block>
    OS_DATA_CORE0_NOINIT_START_SEC
                          uninit         0x1fff'a400       0x0  <internal module>
    OS_CORE0_VAR_FAST_NOINIT_BLOCK
                                         0x1fff'a400       0x4  <Block>
      .OS_CORE0_VAR_FAST_NOINIT
                          uninit         0x1fff'a400       0x4  Os_Hal_Core_Lcfg.o [1]
    OS_CORE0_VAR_NOINIT_BLOCK
                                         0x1fff'a408     0x46d  <Block>
      .OS_CORE0_VAR_NOINIT
                          uninit         0x1fff'a408      0x88  Os_Core_Lcfg.o [1]
      .OS_CORE0_VAR_NOINIT
                          uninit         0x1fff'a490      0x38  Os_Task_Lcfg.o [1]
      .OS_CORE0_VAR_NOINIT
                          uninit         0x1fff'a4c8      0x38  Os_Task_Lcfg.o [1]
      .OS_CORE0_VAR_NOINIT
                          uninit         0x1fff'a500      0x38  Os_Task_Lcfg.o [1]
      .OS_CORE0_VAR_NOINIT
                          uninit         0x1fff'a538       0xc  Os_Alarm_Lcfg.o [1]
      .OS_CORE0_VAR_NOINIT
                          uninit         0x1fff'a544       0x4  Os_Core_Lcfg.o [1]
      .OS_CORE0_VAR_NOINIT
                          uninit         0x1fff'a548       0x8  Os_Counter_Lcfg.o [1]
      .OS_CORE0_VAR_NOINIT
                          uninit         0x1fff'a550       0x4  Os_Counter_Lcfg.o [1]
      .OS_CORE0_VAR_NOINIT
                          uninit         0x1fff'a554       0x8  Os_Counter_Lcfg.o [1]
      .OS_CORE0_VAR_NOINIT
                          uninit         0x1fff'a55c      0x5c  Os_Hal_Context_Lcfg.o [1]
      .OS_CORE0_VAR_NOINIT
                          uninit         0x1fff'a5b8      0x5c  Os_Hal_Context_Lcfg.o [1]
      .OS_CORE0_VAR_NOINIT
                          uninit         0x1fff'a614      0x5c  Os_Hal_Context_Lcfg.o [1]
      .OS_CORE0_VAR_NOINIT
                          uninit         0x1fff'a670      0x5c  Os_Hal_Context_Lcfg.o [1]
      .OS_CORE0_VAR_NOINIT
                          uninit         0x1fff'a6cc      0x5c  Os_Hal_Context_Lcfg.o [1]
      .OS_CORE0_VAR_NOINIT
                          uninit         0x1fff'a728      0x5c  Os_Hal_Context_Lcfg.o [1]
      .OS_CORE0_VAR_NOINIT
                          uninit         0x1fff'a784       0x4  Os_Hal_Context_Lcfg.o [1]
      .OS_CORE0_VAR_NOINIT
[...]
Os_XSigChannelReceiveInit
                             0x95b5    0x8  Code  Lc  Os_XSignal.o [1]
Os_XSigChannelSend           0x94d7    0xc  Code  Lc  Os_XSignal.o [1]
Os_XSigChannelSendInit       0x9459   0x2a  Code  Lc  Os_XSignal.o [1]
Os_XSigFunctionIdx2SerciceId
                             0x972b   0x1a  Code  Lc  Os_XSignal.o [1]
Os_XSigGetRecvIsr            0x965b   0x24  Code  Lc  Os_XSignal.o [1]
Os_XSigGetRecvIsrCount       0x9657    0x4  Code  Lc  Os_XSignal.o [1]
Os_XSigGetSendPort           0x963b   0x1c  Code  Lc  Os_XSignal.o [1]
Os_XSigGetSendPortToCore
                             0x967f   0x32  Code  Lc  Os_XSignal.o [1]
Os_XSigHandleResults         0x974d   0x98  Code  Lc  Os_XSignal.o [1]
Os_XSigInit                  0x9821   0x48  Code  Gb  Os_XSignal.o [1]
Os_XSigIsEnabled             0x9637    0x4  Code  Lc  Os_XSignal.o [1]
Os_XSigIsrInit               0x97f9   0x28  Code  Lc  Os_XSignal.o [1]
Os_XSigRecvPortInit          0x97f1    0x8  Code  Lc  Os_XSignal.o [1]
Os_XSigSend                0x1'0fd7   0x3c  Code  Lc  Os_Alarm.o [1]
Os_XSigSend                  0x72ed   0x3c  Code  Lc  Os_Core.o [1]
Os_XSigSend                0x1'4cc5   0x3c  Code  Lc  Os_Event.o [1]
Os_XSigSend                0x1'193d   0x3c  Code  Lc  Os_ScheduleTable.o [1]
Os_XSigSend                  0x299b   0x3c  Code  Lc  Os_Task.o [1]
Os_XSigSendAsync             0x9869   0x3e  Code  Gb  Os_XSignal.o [1]
Os_XSigSendInternal          0x96b1   0x7a  Code  Lc  Os_XSignal.o [1]
Os_XSigSendPortInit          0x97e5    0xc  Code  Lc  Os_XSignal.o [1]
Os_XSigSendSync              0x98a7   0x8e  Code  Gb  Os_XSignal.o [1]
Os_XSigSend_ActivateTask
                             0x29d7   0x14  Code  Lc  Os_Task.o [1]
Os_XSigSend_ActivateTaskAsync
                           0x1'1013   0x14  Code  Lc  Os_Alarm.o [1]
Os_XSigSend_CancelAlarm
                           0x1'107b   0x14  Code  Lc  Os_Alarm.o [1]
Os_XSigSend_ControlIdle
                             0x7329   0x1a  Code  Lc  Os_Core.o [1]
Os_XSigSend_GetAlarm       0x1'1027   0x20  Code  Lc  Os_Alarm.o [1]
Os_XSigSend_GetApplicationState
                             0x5ef7   0x22  Code  Lc  Os_Application.o [1]
Os_XSigSend_GetCounterValue
                             0xfc59   0x20  Code  Lc  Os_Counter.o [1]
Os_XSigSend_GetErrorHookStackUsage
                           0x1'3fe7   0x20  Code  Lc  Os_Stack.o [1]
Os_XSigSend_GetEvent       0x1'4d1d   0x24  Code  Lc  Os_Event.o [1]
Os_XSigSend_GetISRStackUsage
                           0x1'3f87   0x20  Code  Lc  Os_Stack.o [1]
Os_XSigSend_GetKernelStackUsage
                           0x1'3fa7   0x20  Code  Lc  Os_Stack.o [1]
Os_XSigSend_GetProtectionHookStackUsage
                           0x1'4027   0x20  Code  Lc  Os_Stack.o [1]
Os_XSigSend_GetScheduleTableStatus
                           0x1'19d1   0x22  Code  Lc  Os_ScheduleTable.o [1]
Os_XSigSend_GetShutdownHookStackUsage
                           0x1'4007   0x20  Code  Lc  Os_Stack.o [1]
Os_XSigSend_GetStartupHookStackUsage
                           0x1'3fc7   0x20  Code  Lc  Os_Stack.o [1]
Os_XSigSend_GetTaskStackUsage
                           0x1'3f67   0x20  Code  Lc  Os_Stack.o [1]
Os_XSigSend_GetTaskState
                             0x29eb   0x22  Code  Lc  Os_Task.o [1]
Os_XSigSend_HookCallCallbackAsync
                             0x834d   0x12  Code  Lc  Os_Hook.o [1]
Os_XSigSend_NextScheduleTable
                           0x1'19b9   0x18  Code  Lc  Os_ScheduleTable.o [1]
Os_XSigSend_SetAbsAlarm
                           0x1'1061   0x1a  Code  Lc  Os_Alarm.o [1]
Os_XSigSend_SetEvent       0x1'4d01   0x1c  Code  Lc  Os_Event.o [1]
Os_XSigSend_SetRelAlarm
                           0x1'1047   0x1a  Code  Lc  Os_Alarm.o [1]
Os_XSigSend_ShutdownAllCores
                             0x7343   0x16  Code  Lc  Os_Core.o [1]
Os_XSigSend_StartScheduleTableAbs
                           0x1'198f   0x16  Code  Lc  Os_ScheduleTable.o [1]
Os_XSigSend_StartScheduleTableRel
                           0x1'1979   0x16  Code  Lc  Os_ScheduleTable.o [1]
Os_XSigSend_StopScheduleTable
                           0x1'19a5   0x14  Code  Lc  Os_ScheduleTable.o [1]
Os_XSigSend_TerminateApplication
                             0x5ed3   0x24  Code  Lc  Os_Application.o [1]
Os_XSigUseAsynchronous     0x1'0fd3    0x4  Code  Lc  Os_Alarm.o [1]
Os_XSigUseAsynchronous       0x72e9    0x4  Code  Lc  Os_Core.o [1]
Os_XSigUseAsynchronous     0x1'4cc1    0x4  Code  Lc  Os_Event.o [1]
Os_XSigUseAsynchronous     0x1'1939    0x4  Code  Lc  Os_ScheduleTable.o [1]
Os_XSigUseAsynchronous       0x2997    0x4  Code  Lc  Os_Task.o [1]
PCC_ClockConfigPB0_0       0x1'7214    0x8  Data  Lc  Mcu_PBcfg.o [1]
PCC_aRegistersConfigPB0_0
                           0x1'7114  0x100  Data  Lc  Mcu_PBcfg.o [1]
PMC_ConfigPB0              0x1'7254    0x4  Data  Lc  Mcu_PBcfg.o [1]
PortConfigSet              0x1'73c0   0x18  Data  Gb  Port_PBcfg.o [1]
Port_Init                    0x114d   0x22  Code  Gb  Port.o [1]
Port_Port_Ci_Init            0x14ad   0x9e  Code  Gb  Port_Port_Ci.o [1]
Port_Port_Ci_Init_ConfiguredPins
                             0x136f  0x13e  Code  Lc  Port_Port_Ci.o [1]
Port_Port_Ci_Init_UnusedPins
                             0x1245  0x12a  Code  Lc  Port_Port_Ci.o [1]
Port_Port_Ci_au16GpioDirChangeability
                        0x1fff'a8c8   0x14  Data  Lc  Port_Port_Ci.o [1]
Port_UnUsedPin             0x1'7348    0x8  Data  Lc  Port_PBcfg.o [1]
Port_aPinConfigDefault     0x1'7350   0x70  Data  Lc  Port_PBcfg.o [1]
Port_au16NoUnUsedPadsArrayDefault
                           0x1'72a4   0xa4  Data  Lc  Port_PBcfg.o [1]
Port_pConfig            0x1fff'a8c4    0x4  Data  Gb  Port.o [1]
RCM_ResetConfigPB0         0x1'7230    0x8  Data  Lc  Mcu_PBcfg.o [1]
Region$$Table$$Base             0x0          --   Gb  - Linker created -
Region$$Table$$Limit            0x0          --   Gb  - Linker created -
Request_ESH_PostRunRequest_0_requestedMode
                        0x1fff'a8e5    0x1  Data  Lc  BswM_Lcfg.o [1]
Request_ESH_PostRunRequest_1_requestedMode
                        0x1fff'a8e6    0x1  Data  Lc  BswM_Lcfg.o [1]
Request_ESH_RunRequest_0_requestedMode
                        0x1fff'a8e3    0x1  Data  Lc  BswM_Lcfg.o [1]
Request_ESH_RunRequest_1_requestedMode
                        0x1fff'a8e4    0x1  Data  Lc  BswM_Lcfg.o [1]
Reset_Handler                0x19b1         Code  Wk  startup_S32K148.o [1]
ResumeAllInterrupts          0xb8df   0x2e  Code  Gb  Os_Trap.o [1]
ResumeOSInterrupts           0xb93b   0x2e  Code  Gb  Os_Trap.o [1]
Rte_AckFlags            0x1fff'a8dc    0x4  Data  Gb  Rte.o [1]
Rte_InitMemory                0xdc7    0xa  Code  Gb  Rte.o [1]
Rte_InitState           0x1fff'a8f5    0x1  Data  Gb  Rte.o [1]
Rte_MemClr                    0xd65   0x10  Code  Gb  Rte.o [1]
Rte_ModeMachine_BswM_Switch_ESH_ModeSwitch_BswM_MDGP_ESH_Mode
                        0x1fff'a8f6    0x1  Data  Gb  Rte.o [1]
Rte_Mode_BswM_Notification_ESH_ModeNotification_BswM_MDGP_ESH_Mode
                              0xe29    0x8  Code  Gb  Rte.o [1]
Rte_Read_BswM_Request_ESH_PostRunRequest_0_requestedMode
                              0xdd1    0x8  Code  Gb  Rte.o [1]
Rte_Read_BswM_Request_ESH_PostRunRequest_1_requestedMode
                              0xdd9    0x8  Code  Gb  Rte.o [1]
Rte_Read_BswM_Request_ESH_RunRequest_0_requestedMode
                              0xde1    0x8  Code  Gb  Rte.o [1]
Rte_Read_BswM_Request_ESH_RunRequest_1_requestedMode
                              0xde9    0x8  Code  Gb  Rte.o [1]
Rte_Start                     0xd8b   0x2a  Code  Gb  Rte.o [1]
Rte_Switch_BswM_Switch_ESH_ModeSwitch_BswM_MDGP_ESH_Mode
                              0xdf1   0x38  Code  Gb  Rte.o [1]
SCG_ClockConfigPB0_0       0x1'70f4   0x20  Data  Lc  Mcu_PBcfg.o [1]
SIM_ClockConfigPB0_0       0x1'7088    0xc  Data  Lc  Mcu_PBcfg.o [1]
SIM_ConfigPB0              0x1'7238   0x1c  Data  Lc  Mcu_PBcfg.o [1]
SIRC_ClockConfigPB0_0      0x1'70ac   0x18  Data  Lc  Mcu_PBcfg.o [1]
SMC_ConfigPB0              0x1'7258    0x4  Data  Lc  Mcu_PBcfg.o [1]
SOSC_ClockConfigPB0_0      0x1'7094   0x18  Data  Lc  Mcu_PBcfg.o [1]
SPLL_ClockConfigPB0_0      0x1'70dc   0x18  Data  Lc  Mcu_PBcfg.o [1]
SchM_Deinit                   0xdb5   0x12  Code  Gb  Rte.o [1]
SchM_Init                     0xd75   0x16  Code  Gb  Rte.o [1]
SetRelAlarm                  0xb9fd   0x5e  Code  Gb  Os_Trap.o [1]
ShutdownOS                   0xb879   0x38  Code  Gb  Os_Trap.o [1]
StartOS                      0xb86f    0xa  Code  Gb  Os_Trap.o [1]
Startup_Code$$Base            0x54c          --   Gb  - Linker created -
Startup_Code$$Limit           0x54c          --   Gb  - Linker created -
Startup_Stack$$Base     0x1fff'9c00          --   Gb  - Linker created -
Startup_Stack$$Limit    0x1fff'a400          --   Gb  - Linker created -
SuspendAllInterrupts         0xb8b1   0x2e  Code  Gb  Os_Trap.o [1]
SuspendOSInterrupts          0xb90d   0x2e  Code  Gb  Os_Trap.o [1]
SystemInit                   0x19ed   0x1a  Code  Gb  system_S32K148.o [1]
TerminateTask                0xb9c1   0x3c  Code  Gb  Os_Trap.o [1]
_Code_Default_LIMIT          0x1b26         Data  Gb  <internal module>
_Code_Default_START           0x54c         Data  Gb  <internal module>
_Const_Default_LIMIT       0x1'77e0         Data  Gb  <internal module>
_Const_Default_START       0x1'6fe4         Data  Gb  <internal module>
_Data_Default_INIT_LIMIT
                        0x1fff'a8f8         Data  Gb  <internal module>
_Data_Default_INIT_START
                        0x1fff'a8f8         Data  Gb  <internal module>
_Data_Default_LIMIT     0x1fff'a8f7         Data  Gb  <internal module>
_Data_Default_START     0x1fff'a894         Data  Gb  <internal module>
_Data_Default_VAR_ALL_LIMIT
                        0x1fff'a8f8         Data  Gb  <internal module>
_Data_Default_VAR_ALL_START
                        0x1fff'a894         Data  Gb  <internal module>
_Heap_Default_LIMIT     0x1fff'a8f8         Data  Gb  <internal module>
_Heap_Default_START     0x1fff'a8f8         Data  Gb  <internal module>
_Heap_Default_VAR_ALL_LIMIT
                        0x1fff'a8f8         Data  Gb  <internal module>
_Heap_Default_VAR_ALL_START
                        0x1fff'a8f8         Data  Gb  <internal module>
_OS_CODE_LIMIT             0x1'69e4         Data  Gb  <internal module>
_OS_CODE_START               0x1b28         Data  Gb  <internal module>
_OS_CONST_LIMIT            0x1'6fe4         Data  Gb  <internal module>
_OS_CONST_START            0x1'69e4         Data  Gb  <internal module>
_OS_DATA_CORE0_NOINIT_LIMIT
                        0x1fff'a875         Data  Gb  <internal module>
_OS_DATA_CORE0_NOINIT_START
                        0x1fff'a400         Data  Gb  <internal module>
_OS_DATA_CORE0_VAR_ALL_LIMIT
                        0x1fff'a875         Data  Gb  <internal module>
_OS_DATA_CORE0_VAR_ALL_START
                        0x1fff'a400         Data  Gb  <internal module>
_OS_DATA_SHARED_INIT_LIMIT
                        0x1fff'a894         Data  Gb  <internal module>
_OS_DATA_SHARED_INIT_START
                        0x1fff'a894         Data  Gb  <internal module>
_OS_DATA_SHARED_NOINIT_LIMIT
                        0x1fff'a894         Data  Gb  <internal module>
_OS_DATA_SHARED_NOINIT_START
                        0x1fff'a878         Data  Gb  <internal module>
_OS_DATA_SHARED_VAR_ALL_LIMIT
                        0x1fff'a894         Data  Gb  <internal module>
_OS_DATA_SHARED_VAR_ALL_START
                        0x1fff'a878         Data  Gb  <internal module>
_OS_DATA_SHARED_ZERO_INIT_LIMIT
                        0x1fff'a894         Data  Gb  <internal module>
_OS_DATA_SHARED_ZERO_INIT_START
                        0x1fff'a894         Data  Gb  <internal module>
_OS_EXCVEC_CORE0_CODE_LIMIT
                              0x500         Data  Gb  <internal module>
_OS_EXCVEC_CORE0_CODE_START
                              0x500         Data  Gb  <internal module>
_OS_EXCVEC_CORE0_CONST_LIMIT
                                0x0         Data  Gb  <internal module>
_OS_EXCVEC_CORE0_CONST_START
                                0x0         Data  Gb  <internal module>
_OS_INTVEC_CODE_LIMIT         0x500         Data  Gb  <internal module>
_OS_INTVEC_CODE_START         0x500         Data  Gb  <internal module>
_OS_INTVEC_CORE0_CODE_LIMIT
                              0x54c         Data  Gb  <internal module>
_OS_INTVEC_CORE0_CODE_START
                              0x500         Data  Gb  <internal module>
_OS_INTVEC_CORE0_CONST_LIMIT
                              0x3c0         Data  Gb  <internal module>
_OS_INTVEC_CORE0_CONST_START
                                0x0         Data  Gb  <internal module>
_OS_STACKS_CORE0_NOINIT_LIMIT
                        0x1fff'9c00         Data  Gb  <internal module>
_OS_STACKS_CORE0_NOINIT_START
                        0x1fff'8000         Data  Gb  <internal module>
_OS_STACKS_CORE0_VAR_ALL_LIMIT
                        0x1fff'9c00         Data  Gb  <internal module>
_OS_STACKS_CORE0_VAR_ALL_START
                        0x1fff'8000         Data  Gb  <internal module>
_OS_SystemApplication_OsCore0_NOINIT_LIMIT
                        0x1fff'9c00         Data  Gb  <internal module>
_OS_SystemApplication_OsCore0_NOINIT_START
                        0x1fff'9c00         Data  Gb  <internal module>
_OS_SystemApplication_OsCore0_VAR_ALL_LIMIT
                        0x1fff'9c00         Data  Gb  <internal module>
_OS_SystemApplication_OsCore0_VAR_ALL_START
                        0x1fff'9c00         Data  Gb  <internal module>
_Startup_Code_LIMIT           0x54c         Data  Gb  <internal module>
_Startup_Code_START           0x54c         Data  Gb  <internal module>
_Startup_Stack_LIMIT    0x1fff'a400         Data  Gb  <internal module>
_Startup_Stack_START    0x1fff'9c00         Data  Gb  <internal module>
_Startup_Stack_VAR_ALL_LIMIT
                        0x1fff'a400         Data  Gb  <internal module>
_Startup_Stack_VAR_ALL_START
                        0x1fff'9c00         Data  Gb  <internal module>
__CODE_RAM$$Base                0x0          --   Gb  - Linker created -
__CODE_ROM$$Base                0x0          --   Gb  - Linker created -
__CODE_ROM$$Limit               0x0          --   Gb  - Linker created -
__Code_Default_LIMIT         0x1b26         Data  Gb  <internal module>
__Code_Default_START          0x54c         Data  Gb  <internal module>
__Const_Default_LIMIT      0x1'77e0         Data  Gb  <internal module>
__Const_Default_START      0x1'6fe4         Data  Gb  <internal module>
__Data_Default_INIT_LIMIT
                        0x1fff'a8f8         Data  Gb  <internal module>
__Data_Default_INIT_START
                        0x1fff'a8f8         Data  Gb  <internal module>
__Data_Default_LIMIT    0x1fff'a8f7         Data  Gb  <internal module>
__Data_Default_START    0x1fff'a894         Data  Gb  <internal module>
__Heap_Default_LIMIT    0x1fff'a8f8         Data  Gb  <internal module>
__Heap_Default_START    0x1fff'a8f8         Data  Gb  <internal module>
__OS_CODE_LIMIT            0x1'69e4         Data  Gb  <internal module>
__OS_CODE_START              0x1b28         Data  Gb  <internal module>
__OS_CONST_LIMIT           0x1'6fe4         Data  Gb  <internal module>
__OS_CONST_START           0x1'69e4         Data  Gb  <internal module>
__OS_DATA_CORE0_NOINIT_LIMIT
                        0x1fff'a875         Data  Gb  <internal module>
__OS_DATA_CORE0_NOINIT_START
                        0x1fff'a400         Data  Gb  <internal module>
__OS_DATA_SHARED_INIT_LIMIT
                        0x1fff'a894         Data  Gb  <internal module>
__OS_DATA_SHARED_INIT_START
                        0x1fff'a894         Data  Gb  <internal module>
__OS_DATA_SHARED_NOINIT_LIMIT
                        0x1fff'a894         Data  Gb  <internal module>
__OS_DATA_SHARED_NOINIT_START
                        0x1fff'a878         Data  Gb  <internal module>
__OS_DATA_SHARED_ZERO_INIT_LIMIT
                        0x1fff'a894         Data  Gb  <internal module>
__OS_DATA_SHARED_ZERO_INIT_START
                        0x1fff'a894         Data  Gb  <internal module>
__OS_EXCVEC_CORE0_CODE_LIMIT
                              0x500         Data  Gb  <internal module>
__OS_EXCVEC_CORE0_CODE_START
                              0x500         Data  Gb  <internal module>
__OS_EXCVEC_CORE0_CONST_LIMIT
                                0x0         Data  Gb  <internal module>
__OS_EXCVEC_CORE0_CONST_START
                                0x0         Data  Gb  <internal module>
__OS_INTVEC_CODE_LIMIT        0x500         Data  Gb  <internal module>
__OS_INTVEC_CODE_START        0x500         Data  Gb  <internal module>
__OS_INTVEC_CORE0_CODE_LIMIT
                              0x54c         Data  Gb  <internal module>
__OS_INTVEC_CORE0_CODE_START
                              0x500         Data  Gb  <internal module>
__OS_INTVEC_CORE0_CONST_LIMIT
                              0x3c0         Data  Gb  <internal module>
__OS_INTVEC_CORE0_CONST_START
                                0x0         Data  Gb  <internal module>
__OS_STACKS_CORE0_NOINIT_LIMIT
                        0x1fff'9c00         Data  Gb  <internal module>
__OS_STACKS_CORE0_NOINIT_START
                        0x1fff'8000         Data  Gb  <internal module>
__OS_SystemApplication_OsCore0_NOINIT_LIMIT
                        0x1fff'9c00         Data  Gb  <internal module>
__OS_SystemApplication_OsCore0_NOINIT_START
                        0x1fff'9c00         Data  Gb  <internal module>
__RAM_VECTOR_TABLE_SIZE {Abs}
                              0x400         Data  Gb  <internal module>
__Startup_Code_LIMIT          0x54c         Data  Gb  <internal module>
__Startup_Code_START          0x54c         Data  Gb  <internal module>
__Startup_Stack_LIMIT   0x1fff'a400         Data  Gb  <internal module>
__Startup_Stack_START   0x1fff'9c00         Data  Gb  <internal module>
__VECTOR_RAM {Abs}      0x1fff'8000         Data  Gb  <internal module>
__VECTOR_TABLE {Abs}            0x0         Data  Gb  <internal module>
__Vectors                  0x1'73e0          --   Gb  startup_S32K148.o [1]
__Vectors_End              0x1'77e0         Data  Gb  startup_S32K148.o [1]
__Vectors_Size {Abs}          0x400          --   Gb  startup_S32K148.o [1]
__aeabi_memcpy4              0x1a19         Code  Gb  ABImemcpy.o [3]
__aeabi_memcpy8              0x1a19         Code  Gb  ABImemcpy.o [3]
__cmain                      0x1aa1         Code  Gb  cmain.o [3]
__exit                       0x1ad5   0x14  Code  Gb  exit.o [4]
__iar_program_start          0x1b1b         Code  Gb  cstartup_M.o [3]
__low_level_init             0x1abf    0x4  Code  Gb  low_level_init.o [2]
__vector_table             0x1'73e0         Data  Gb  startup_S32K148.o [1]
__vector_table_0x1c        0x1'73fc         Data  Gb  startup_S32K148.o [1]
_call_main                   0x1aad         Code  Gb  cmain.o [3]
_exit                        0x1ac9         Code  Gb  cexit.o [3]
_main                        0x1abb         Code  Gb  cmain.o [3]
detModuleInit           0x1fff'a8ed    0x1  Data  Lc  Det.o [1]
exit                         0x1ac3    0x4  Code  Gb  exit.o [2]
init_data_bss                0x18ed   0xc4  Code  Gb  startup.o [1]
main                         0x18d9   0x12  Code  Gb  main.o [1]


[1] = E:\S32K144\Debug\Obj
[2] = dl7M_tln.a
[3] = rt7M_tl.a
[4] = shb_l.a

  92'398 bytes of readonly  code memory
   3'501 bytes of readonly  data memory
  10'476 bytes of readwrite data memory

Errors: none
Warnings: none
